#
# A fatal error has been detected by the Java Runtime Environment:
#
#  EXCEPTION_ACCESS_VIOLATION (0xc0000005) at pc=0x00007ff8f4b6c9ae, pid=23600, tid=13116
#
# JRE version: OpenJDK Runtime Environment Temurin-21.0.11+10 (21.0.11+10) (build 21.0.11+10-LTS)
# Java VM: OpenJDK 64-Bit Server VM Temurin-21.0.11+10 (21.0.11+10-LTS, mixed mode, sharing, tiered, compressed oops, compressed class ptrs, parallel gc, windows-amd64)
# Problematic frame:
# V  [jvm.dll+0xc9ae]
#
# No core dump will be written. Minidumps are not enabled by default on client versions of Windows
#
# If you would like to submit a bug report, please visit:
#   https://github.com/adoptium/adoptium-support/issues
#

---------------  S U M M A R Y ------------

Command Line: --add-modules=ALL-SYSTEM --add-opens=java.base/java.util=ALL-UNNAMED --add-opens=java.base/java.lang=ALL-UNNAMED --add-opens=java.base/sun.nio.fs=ALL-UNNAMED -Declipse.application=org.eclipse.jdt.ls.core.id1 -Dosgi.bundles.defaultStartLevel=4 -Declipse.product=org.eclipse.jdt.ls.core.product -Djava.import.generatesMetadataFilesAtProjectRoot=false -DDetectVMInstallationsJob.disabled=true -Dfile.encoding=utf8 -XX:+UseParallelGC -XX:GCTimeRatio=4 -XX:AdaptiveSizePolicyWeight=90 -Dsun.zip.disableMemoryMapping=true -Xmx2G -Xms100m -Xlog:disable -javaagent:c:\Users\Luigi\.cursor\extensions\redhat.java-1.55.0-win32-x64\lombok\lombok-1.18.39-4050.jar -XX:+HeapDumpOnOutOfMemoryError -XX:HeapDumpPath=c:\Users\Luigi\AppData\Roaming\Cursor\User\workspaceStorage\56a197128c4981142545aa649b33ebe0\redhat.java -Daether.dependencyCollector.impl=bf c:\Users\Luigi\.cursor\extensions\redhat.java-1.55.0-win32-x64\server\plugins\org.eclipse.equinox.launcher_1.7.200.v20260619-2039.jar -configuration c:\Users\Luigi\AppData\Roaming\Cursor\User\globalStorage\redhat.java\1.55.0\config_win -data c:\Users\Luigi\AppData\Roaming\Cursor\User\workspaceStorage\56a197128c4981142545aa649b33ebe0\redhat.java\jdt_ws --pipe=\\.\pipe\lsp-8991f357677d92fc94470f8a604af22b-sock

Host: 11th Gen Intel(R) Core(TM) i5-11400H @ 2.70GHz, 12 cores, 31G,  Windows 11 , 64 bit Build 26100 (10.0.26100.8875)
Time: Wed Jul 29 16:16:32 2026 Hora oficial do Brasil elapsed time: 3.867637 seconds (0d 0h 0m 3s)

---------------  T H R E A D  ---------------

Current thread (0x0000022486aec6a0):  WorkerThread "GC Thread#4"    [id=13116, stack(0x0000008054f00000,0x0000008055000000) (1024K)]

Stack: [0x0000008054f00000,0x0000008055000000],  sp=0x0000008054fff6d8,  free space=1021k
Native frames: (J=compiled Java code, j=interpreted, Vv=VM code, C=native code)
V  [jvm.dll+0xc9ae]


siginfo: EXCEPTION_ACCESS_VIOLATION (0xc0000005), reading address 0x0000000090005f88


Registers:
RAX=0x0000000000000001, RBX=0x0000000090005f80, RCX=0x0000000090005f80, RDX=0x0000000090005f80
RSP=0x0000008054fff6d8, RBP=0x0000008054fff7a0, RSI=0x000000008051a9d4, RDI=0x000002242c50e900
R8 =0x000000000008002f, R9 =0x0000000000000009, R10=0x0000000000000048, R11=0x0000000000000004
R12=0x00007ff8f57a9250, R13=0x0000008054fff958, R14=0x000002244319fd18, R15=0x000000008051a9b8
RIP=0x00007ff8f4b6c9ae, EFLAGS=0x0000000000010202

XMM[0]=0x00000080552ff690 0x0000020000000000
XMM[1]=0x0000000000000000 0x00000080552ff4b0
XMM[2]=0x0000000000000000 0x0000000000000000
XMM[3]=0x0000000000000000 0x0000000000000000
XMM[4]=0x0000000000000000 0x0000000000000000
XMM[5]=0x0000000000000000 0x0000000000000000
XMM[6]=0x0000000000000000 0x0000000000000000
XMM[7]=0x0000000000000000 0x0000000000000000
XMM[8]=0x0000000000000000 0x0000000000000000
XMM[9]=0x0000000000000000 0x0000000000000000
XMM[10]=0x0000000000000000 0x0000000000000000
XMM[11]=0x0000000000000000 0x0000000000000000
XMM[12]=0x0000000000000000 0x0000000000000000
XMM[13]=0x0000000000000000 0x0000000000000000
XMM[14]=0x0000000000000000 0x0000000000000000
XMM[15]=0x0000000000000000 0x0000000000000000
  MXCSR=0x00001fa0


Register to memory mapping:

RAX=0x0000000000000001 is an unknown value
RBX=0x0000000090005f80 is an unallocated location in the heap
RCX=0x0000000090005f80 is an unallocated location in the heap
RDX=0x0000000090005f80 is an unallocated location in the heap
RSP=0x0000008054fff6d8 points into unknown readable memory: 0x00007ff8f524447e | 7e 44 24 f5 f8 7f 00 00
RBP=0x0000008054fff7a0 points into unknown readable memory: 0x00007ff8f55fa5b0 | b0 a5 5f f5 f8 7f 00 00
RSI=0x000000008051a9d4 is pointing into object: java.util.HashMap$Node 
{0x000000008051a9b8} - klass: 'java/util/HashMap$Node'
 - ---- fields (total size 4 words):
 - final 'hash' 'I' @12  351602733 (0x14f5082d)
 - final 'key' 'Ljava/lang/Object;' @16  "version"{0x0000000080841a78} (0x80841a78)
 - 'value' 'Ljava/lang/Object;' @20  
[error occurred during error reporting (printing register info), id 0xc0000005, EXCEPTION_ACCESS_VIOLATION (0xc0000005) at pc=0x00007ff8f5222b7d]
RDI=0x000002242c50e900 points into unknown readable memory: 0x000002242a0f0150 | 50 01 0f 2a 24 02 00 00
R8 =0x000000000008002f is an unknown value
R9 =0x0000000000000009 is an unknown value
R10=0x0000000000000048 is an unknown value
R11=0x0000000000000004 is an unknown value
R12=0x00007ff8f57a9250 jvm.dll
R13=0x0000008054fff958 points into unknown readable memory: 0x00007ff8f55fb000 | 00 b0 5f f5 f8 7f 00 00
R14={method} {0x000002244319fd20} 'equals' '(Ljava/lang/Object;)Z' in 'java/util/HashMap$Node'
R15=0x000000008051a9b8 is an oop: java.util.HashMap$Node 
{0x000000008051a9b8} - klass: 'java/util/HashMap$Node'
 - ---- fields (total size 4 words):
 - final 'hash' 'I' @12  351602733 (0x14f5082d)
 - final 'key' 'Ljava/lang/Object;' @16  "version"{0x0000000080841a78} (0x80841a78)
 - 'value' 'Ljava/lang/Object;' @20  
[error occurred during error reporting (printing register info, attempt 2), id 0xc0000005, EXCEPTION_ACCESS_VIOLATION (0xc0000005) at pc=0x00007ff8f5222b7d]

Top of Stack: (sp=0x0000008054fff6d8)
0x0000008054fff6d8:   00007ff8f524447e 000000008051a930   ~D$.....0.Q.....
0x0000008054fff6e8:   000002242c50e900 0000008054fff7a0   ..P,$......T....
0x0000008054fff6f8:   00007ff8f5243479 0000000090005f80   y4$......_......
0x0000008054fff708:   00007ff8f5241c86 00007ff8f55fa5b0   ..$......._.....
0x0000008054fff718:   00007ff8f524455a 000000008051a960   ZE$.....`.Q.....
0x0000008054fff728:   000000008051a958 000002244319fd10   X.Q........C$...
0x0000008054fff738:   00007ff8f524253e 000000008051a9cc   >%$.......Q.....
0x0000008054fff748:   00007ff8f526c4aa 0000000000000000   ..&.............
0x0000008054fff758:   00007ff8f57a9250 00007ff8f55fa5b0   P.z......._.....
0x0000008054fff768:   0000000000000000 000000008051a9b8   ..........Q.....
0x0000008054fff778:   00007ff8f526cf5f 00000000000000ef   _.&.............
0x0000008054fff788:   000002242c50e900 00007ff8f55587e0   ..P,$.....U.....
0x0000008054fff798:   0000000000000000 00007ff8f55fa5b0   .........._.....
0x0000008054fff7a8:   000002242c5e8bf0 0000000000000004   ..^,$...........
0x0000008054fff7b8:   000002242c50e900 0000000000000000   ..P,$...........
0x0000008054fff7c8:   000002242c50ebc8 00000000000003d8   ..P,$...........
0x0000008054fff7d8:   00000224853c8480 000002242c50e900   ..<.$.....P,$...
0x0000008054fff7e8:   00007ff8f526c66d 0000119d8b016cd5   m.&......l......
0x0000008054fff7f8:   00007ff8f4f5712e 000002242c50ebc8   .q........P,$...
0x0000008054fff808:   000002242c50e900 0000000000000000   ..P,$...........
0x0000008054fff818:   0000000000000000 0000022486af1ce0   ............$...
0x0000008054fff828:   00000224853c8858 00000224856fdf20   X.<.$... .o.$...
0x0000008054fff838:   00000224853c8480 00000224853c8470   ..<.$...p.<.$...
0x0000008054fff848:   00007ff8f5270b2d 000002242c50e900   -.'.......P,$...
0x0000008054fff858:   00000224853c8470 000002242c50e900   p.<.$.....P,$...
0x0000008054fff868:   0000000000000009 00007ff8f55fae20   ........ ._.....
0x0000008054fff878:   000002242c50e900 00007ff8f55972e8   ..P,$....rY.....
0x0000008054fff888:   0000008054fff870 0000000000000000   p..T............
0x0000008054fff898:   000002242c50eb01 0000000000000001   ..P,$...........
0x0000008054fff8a8:   0000008054fff958 0000008053ffed00   X..T.......S....
0x0000008054fff8b8:   000002242c50e900 000002248b85a2e8   ..P,$.......$...
0x0000008054fff8c8:   00007ff8f53c9dab 000002248b85a288   ..<.........$...

Instructions: (pc=0x00007ff8f4b6c9ae)
0x00007ff8f4b6c8ae:   13 74 16 48 85 05 90 e6 cd 00 74 0d 48 8b c8 f0
0x00007ff8f4b6c8be:   48 0f b1 13 48 3b c1 75 ea 48 8b 5c 24 30 48 8b
0x00007ff8f4b6c8ce:   c2 48 83 c4 20 5f c3 cc cc cc cc cc cc cc cc cc
0x00007ff8f4b6c8de:   cc cc 48 8b 11 e9 08 f6 ff ff cc cc cc cc cc cc
0x00007ff8f4b6c8ee:   cc cc 4c 8b c1 ba 64 60 08 00 48 8b 0d 61 b2 c8
0x00007ff8f4b6c8fe:   00 e9 5c ea ff ff cc cc cc cc cc cc cc cc cc cc
0x00007ff8f4b6c90e:   cc cc 48 8b 05 61 02 ce 00 48 8b d1 48 23 c1 48
0x00007ff8f4b6c91e:   a9 00 f0 00 00 75 5d 48 8b 05 44 02 ce 00 48 23
0x00007ff8f4b6c92e:   c1 48 a9 00 f0 00 00 75 43 0f b6 c2 24 30 3c 30
0x00007ff8f4b6c93e:   74 3a 48 c1 e9 0c 48 8d 05 f5 c5 94 00 83 e1 0f
0x00007ff8f4b6c94e:   8b 0c 88 48 8b 05 e0 01 ce 00 48 d3 ea 48 c1 e8
0x00007ff8f4b6c95e:   15 48 c1 ea 15 48 23 d0 48 8b 05 c3 04 ce 00 48
0x00007ff8f4b6c96e:   8b 48 60 48 8b 04 d1 48 85 c0 75 08 48 8b 05 b7
0x00007ff8f4b6c97e:   04 ce 00 c3 48 8b 05 a7 04 ce 00 c3 cc cc cc cc
0x00007ff8f4b6c98e:   cc cc 8b 05 a2 d6 c2 00 c3 cc cc cc cc cc cc cc
0x00007ff8f4b6c99e:   cc cc 0f b6 05 b8 eb c2 00 48 8b d1 84 c0 74 16
0x00007ff8f4b6c9ae:   44 8b 41 08 8b 0d 80 d6 c2 00 49 d3 e0 4c 03 05
0x00007ff8f4b6c9be:   6e d6 c2 00 eb 04 4c 8b 41 08 45 8b 48 08 45 85
0x00007ff8f4b6c9ce:   c9 7e 0e 41 f6 c1 01 75 53 41 c1 f9 03 49 63 c1
0x00007ff8f4b6c9de:   c3 79 49 84 c0 41 b8 0c 00 00 00 8b 05 b9 e7 c2
0x00007ff8f4b6c9ee:   00 b9 10 00 00 00 41 0f 45 c8 ff c8 4c 63 c0 41
0x00007ff8f4b6c9fe:   8b c1 48 c1 f8 10 0f b6 c0 48 63 14 11 41 8b c9
0x00007ff8f4b6ca0e:   83 e1 3f 48 d3 e2 49 8d 0c 10 49 f7 d0 48 03 c1
0x00007ff8f4b6ca1e:   49 c1 e8 03 48 c1 e8 03 49 23 c0 c3 49 8b 00 49
0x00007ff8f4b6ca2e:   8b c8 48 ff a0 00 01 00 00 cc cc cc cc cc cc cc
0x00007ff8f4b6ca3e:   cc cc 8b 44 24 30 45 03 c9 44 2b 4c 24 28 83 c0
0x00007ff8f4b6ca4e:   0b 44 03 ca 45 03 c8 41 03 c1 c3 cc cc cc cc cc
0x00007ff8f4b6ca5e:   cc cc 4c 8b c2 48 8b d1 45 8b 48 08 45 85 c9 7e
0x00007ff8f4b6ca6e:   0e 41 f6 c1 01 75 56 41 c1 f9 03 49 63 c1 c3 79
0x00007ff8f4b6ca7e:   4c 80 3d d9 ea c2 00 00 b8 0c 00 00 00 b9 10 00
0x00007ff8f4b6ca8e:   00 00 0f 45 c8 8b 05 0f e7 c2 00 ff c8 4c 63 c0
0x00007ff8f4b6ca9e:   41 8b c1 48 c1 f8 10 48 63 14 11 41 8b c9 83 e1


Stack slot to memory mapping:

stack at sp + 0 slots: 0x00007ff8f524447e jvm.dll
stack at sp + 1 slots: 0x000000008051a930 is an oop: [Ljava.util.HashMap$Node; 
{0x000000008051a930} - klass: 'java/util/HashMap$Node'[]
 - length: 8
stack at sp + 2 slots: 0x000002242c50e900 points into unknown readable memory: 0x000002242a0f0150 | 50 01 0f 2a 24 02 00 00
stack at sp + 3 slots: 0x0000008054fff7a0 points into unknown readable memory: 0x00007ff8f55fa5b0 | b0 a5 5f f5 f8 7f 00 00
stack at sp + 4 slots: 0x00007ff8f5243479 jvm.dll
stack at sp + 5 slots: 0x0000000090005f80 is an unallocated location in the heap
stack at sp + 6 slots: 0x00007ff8f5241c86 jvm.dll
stack at sp + 7 slots: 0x00007ff8f55fa5b0 jvm.dll


---------------  P R O C E S S  ---------------

Threads class SMR info:
_java_thread_list=0x000002248b72fb00, length=23, elements={
0x000002242c5e2100, 0x000002242c58e320, 0x000002242c680fc0, 0x000002242c687bb0,
0x000002242c688a90, 0x000002242c690a70, 0x000002242c696a50, 0x0000022485372fa0,
0x000002242c699330, 0x000002248559a960, 0x0000022485624b50, 0x0000022486af1ce0,
0x000002248b01ccc0, 0x000002248b3db010, 0x000002248b3db680, 0x000002248b93bf70,
0x000002248bcd3ac0, 0x000002248bb53f70, 0x000002248bb54640, 0x000002248b9663f0,
0x000002248c0c87d0, 0x000002248c0c8140, 0x000002248c0c94f0
}

Java Threads: ( => current thread )
  0x000002242c5e2100 JavaThread "main"                              [_thread_blocked, id=3196, stack(0x0000008053c00000,0x0000008053d00000) (1024K)]
  0x000002242c58e320 JavaThread "Reference Handler"          daemon [_thread_blocked, id=19560, stack(0x0000008054000000,0x0000008054100000) (1024K)]
  0x000002242c680fc0 JavaThread "Finalizer"                  daemon [_thread_blocked, id=24396, stack(0x0000008054100000,0x0000008054200000) (1024K)]
  0x000002242c687bb0 JavaThread "Signal Dispatcher"          daemon [_thread_blocked, id=24164, stack(0x0000008054200000,0x0000008054300000) (1024K)]
  0x000002242c688a90 JavaThread "Attach Listener"            daemon [_thread_blocked, id=24384, stack(0x0000008054300000,0x0000008054400000) (1024K)]
  0x000002242c690a70 JavaThread "Service Thread"             daemon [_thread_blocked, id=24332, stack(0x0000008054400000,0x0000008054500000) (1024K)]
  0x000002242c696a50 JavaThread "Monitor Deflation Thread"   daemon [_thread_blocked, id=24448, stack(0x0000008054500000,0x0000008054600000) (1024K)]
  0x0000022485372fa0 JavaThread "C2 CompilerThread0"         daemon [_thread_blocked, id=24432, stack(0x0000008054600000,0x0000008054700000) (1024K)]
  0x000002242c699330 JavaThread "C1 CompilerThread0"         daemon [_thread_blocked, id=23628, stack(0x0000008054700000,0x0000008054800000) (1024K)]
  0x000002248559a960 JavaThread "Common-Cleaner"             daemon [_thread_blocked, id=24376, stack(0x0000008054900000,0x0000008054a00000) (1024K)]
  0x0000022485624b50 JavaThread "Notification Thread"        daemon [_thread_blocked, id=24568, stack(0x0000008054a00000,0x0000008054b00000) (1024K)]
  0x0000022486af1ce0 JavaThread "Active Thread: Equinox Container: 3742f0d1-0148-4d3b-8010-e25a9cf70b30"        [_thread_blocked, id=24528, stack(0x0000008055200000,0x0000008055300000) (1024K)]
  0x000002248b01ccc0 JavaThread "Refresh Thread: Equinox Container: 3742f0d1-0148-4d3b-8010-e25a9cf70b30" daemon [_thread_blocked, id=4920, stack(0x0000008055400000,0x0000008055500000) (1024K)]
  0x000002248b3db010 JavaThread "Framework Event Dispatcher: Equinox Container: 3742f0d1-0148-4d3b-8010-e25a9cf70b30" daemon [_thread_blocked, id=10004, stack(0x0000008055500000,0x0000008055600000) (1024K)]
  0x000002248b3db680 JavaThread "Start Level: Equinox Container: 3742f0d1-0148-4d3b-8010-e25a9cf70b30" daemon [_thread_blocked, id=23392, stack(0x0000008055600000,0x0000008055700000) (1024K)]
  0x000002248b93bf70 JavaThread "Bundle File Closer"         daemon [_thread_blocked, id=22712, stack(0x0000008055900000,0x0000008055a00000) (1024K)]
  0x000002248bcd3ac0 JavaThread "SCR Component Actor"        daemon [_thread_blocked, id=20720, stack(0x0000008054800000,0x0000008054900000) (1024K)]
  0x000002248bb53f70 JavaThread "C2 CompilerThread1"         daemon [_thread_blocked, id=24208, stack(0x0000008054b00000,0x0000008054c00000) (1024K)]
  0x000002248bb54640 JavaThread "C2 CompilerThread2"         daemon [_thread_blocked, id=8332, stack(0x0000008055a00000,0x0000008055b00000) (1024K)]
  0x000002248b9663f0 JavaThread "Worker-JM"                         [_thread_blocked, id=21864, stack(0x0000008055b00000,0x0000008055c00000) (1024K)]
  0x000002248c0c87d0 JavaThread "JNA Cleaner"                daemon [_thread_blocked, id=24224, stack(0x0000008055c00000,0x0000008055d00000) (1024K)]
  0x000002248c0c8140 JavaThread "Worker-0: Checking project encoding"        [_thread_blocked, id=24136, stack(0x0000008055d00000,0x0000008055e00000) (1024K)]
  0x000002248c0c94f0 JavaThread "Worker-1"                          [_thread_blocked, id=23072, stack(0x0000008055e00000,0x0000008055f00000) (1024K)]
Total: 23

Other Threads:
  0x000002242c574490 VMThread "VM Thread"                           [id=24292, stack(0x0000008053f00000,0x0000008054000000) (1024K)]
  0x000002242c64db20 WatcherThread "VM Periodic Task Thread"        [id=24324, stack(0x0000008053e00000,0x0000008053f00000) (1024K)]
  0x000002242c600e90 WorkerThread "GC Thread#0"                     [id=24444, stack(0x0000008053d00000,0x0000008053e00000) (1024K)]
  0x0000022486aa6ee0 WorkerThread "GC Thread#1"                     [id=24308, stack(0x0000008054c00000,0x0000008054d00000) (1024K)]
  0x00000224856fe220 WorkerThread "GC Thread#2"                     [id=23660, stack(0x0000008054d00000,0x0000008054e00000) (1024K)]
  0x00000224856fe5d0 WorkerThread "GC Thread#3"                     [id=23656, stack(0x0000008054e00000,0x0000008054f00000) (1024K)]
=>0x0000022486aec6a0 WorkerThread "GC Thread#4"                     [id=13116, stack(0x0000008054f00000,0x0000008055000000) (1024K)]
  0x0000022486aeca50 WorkerThread "GC Thread#5"                     [id=21060, stack(0x0000008055000000,0x0000008055100000) (1024K)]
  0x0000022486770f90 WorkerThread "GC Thread#6"                     [id=10312, stack(0x0000008055100000,0x0000008055200000) (1024K)]
  0x000002248b010060 WorkerThread "GC Thread#7"                     [id=23212, stack(0x0000008055300000,0x0000008055400000) (1024K)]
  0x000002248b749880 WorkerThread "GC Thread#8"                     [id=18460, stack(0x0000008055700000,0x0000008055800000) (1024K)]
  0x000002248b4204d0 WorkerThread "GC Thread#9"                     [id=10472, stack(0x0000008055800000,0x0000008055900000) (1024K)]
Total: 12

Threads with active compile tasks:
C2 CompilerThread0  3889 3774       4       jdk.internal.org.objectweb.asm.SymbolTable::addConstantUtf8Reference (101 bytes)
C1 CompilerThread0  3890 3769       3       java.io.ObjectInputStream::checkResolve (86 bytes)
Total: 2

VM state: at safepoint (normal execution)

VM Mutex/Monitor currently owned by a thread:  ([mutex/lock_event])
[0x00007ff8f581f570] Threads_lock - owner thread: 0x000002242c574490
[0x00007ff8f581f670] Heap_lock - owner thread: 0x000002242c699330

Heap address: 0x0000000080000000, size: 2048 MB, Compressed Oops mode: 32-bit

CDS archive(s) mapped at: [0x0000022443000000-0x0000022443ba0000-0x0000022443ba0000), size 12189696, SharedBaseAddress: 0x0000022443000000, ArchiveRelocationMode: 1.
Compressed class space mapped at: 0x0000022444000000-0x0000022484000000, reserved size: 1073741824
Narrow klass base: 0x0000022443000000, Narrow klass shift: 0, Narrow klass range: 0x100000000

GC Precious Log:
 CardTable entry size: 512
 CPUs: 12 total, 12 available
 Memory: 32531M
 Large Page Support: Disabled
 NUMA Support: Disabled
 Compressed Oops: Enabled (32-bit)
 Alignments: Space 512K, Generation 512K, Heap 2M
 Heap Min Capacity: 100M
 Heap Initial Capacity: 100M
 Heap Max Capacity: 2G
 Pre-touch: Disabled
 Parallel Workers: 10

Heap:
 PSYoungGen      total 28672K, used 3896K [0x00000000d5580000, 0x00000000d7680000, 0x0000000100000000)
  eden space 24576K, 0% used [0x00000000d5580000,0x00000000d5580000,0x00000000d6d80000)
  from space 4096K, 95% used [0x00000000d6e00000,0x00000000d71ce2d8,0x00000000d7200000)
  to   space 4608K, 0% used [0x00000000d7200000,0x00000000d7200000,0x00000000d7680000)
 ParOldGen       total 68608K, used 9854K [0x0000000080000000, 0x0000000084300000, 0x00000000d5580000)
  object space 68608K, 14% used [0x0000000080000000,0x000000008099fb78,0x0000000084300000)
 Metaspace       used 20630K, committed 21504K, reserved 1114112K
  class space    used 2214K, committed 2624K, reserved 1048576K

Card table byte_map: [0x000002242bf80000,0x000002242c390000] _byte_map_base: 0x000002242bb80000

Marking Bits: (ParMarkBitMap*) 0x00007ff8f5824460
 Begin Bits: [0x000002243ea90000, 0x0000022440a90000)
 End Bits:   [0x0000022440a90000, 0x0000022442a90000)

Polling page: 0x000002242a3f0000

Metaspace:

Usage:
  Non-class:     17.98 MB used.
      Class:      2.16 MB used.
       Both:     20.15 MB used.

Virtual space:
  Non-class space:       64.00 MB reserved,      18.44 MB ( 29%) committed,  1 nodes.
      Class space:        1.00 GB reserved,       2.56 MB ( <1%) committed,  1 nodes.
             Both:        1.06 GB reserved,      21.00 MB (  2%) committed. 

Chunk freelists:
   Non-Class:  12.82 MB
       Class:  13.37 MB
        Both:  26.19 MB

MaxMetaspaceSize: unlimited
CompressedClassSpaceSize: 1.00 GB
Initial GC threshold: 21.00 MB
Current GC threshold: 21.00 MB
CDS: on
 - commit_granule_bytes: 65536.
 - commit_granule_words: 8192.
 - virtual_space_node_default_size: 8388608.
 - enlarge_chunks_in_place: 1.
 - use_allocation_guard: 0.


Internal statistics:

num_allocs_failed_limit: 3.
num_arena_births: 708.
num_arena_deaths: 0.
num_vsnodes_births: 2.
num_vsnodes_deaths: 0.
num_space_committed: 336.
num_space_uncommitted: 0.
num_chunks_returned_to_freelist: 3.
num_chunks_taken_from_freelist: 1535.
num_chunk_merges: 0.
num_chunk_splits: 972.
num_chunks_enlarged: 584.
num_inconsistent_stats: 0.

CodeHeap 'non-profiled nmethods': size=120000Kb used=1731Kb max_used=1731Kb free=118268Kb
 bounds [0x00000224372b0000, 0x0000022437520000, 0x000002243e7e0000]
CodeHeap 'profiled nmethods': size=120000Kb used=7681Kb max_used=7681Kb free=112318Kb
 bounds [0x000002242f7e0000, 0x000002242ff70000, 0x0000022436d10000]
CodeHeap 'non-nmethods': size=5760Kb used=1301Kb max_used=1336Kb free=4458Kb
 bounds [0x0000022436d10000, 0x0000022436f80000, 0x00000224372b0000]
CodeCache: size=245760Kb, used=10713Kb, max_used=10748Kb, free=235044Kb
 total_blobs=4341, nmethods=3767, adapters=480, full_count=0
Compilation: enabled, stopped_count=0, restarted_count=0

Compilation events (20 events):
Event: 3.850 Thread 0x000002242c699330 3764   !   3       java.io.ObjectInputStream::readObject0 (681 bytes)
Event: 3.850 Thread 0x000002248bb54640 3766       4       jdk.internal.util.ByteArray::getInt (9 bytes)
Event: 3.851 Thread 0x000002248bb54640 nmethod 3766 0x0000022437460a90 code [0x0000022437460c20, 0x0000022437460cf0]
Event: 3.852 Thread 0x000002242c699330 nmethod 3764 0x000002242ff53a90 code [0x000002242ff54220, 0x000002242ff56f88]
Event: 3.852 Thread 0x000002242c699330 3768       3       java.io.ObjectInputStream$HandleTable::finish (111 bytes)
Event: 3.852 Thread 0x000002242c699330 nmethod 3768 0x000002242ff58a90 code [0x000002242ff58c80, 0x000002242ff59200]
Event: 3.852 Thread 0x000002242c699330 3767       3       java.io.ObjectInputStream$HandleTable::markDependency (175 bytes)
Event: 3.852 Thread 0x0000022485372fa0 3774       4       jdk.internal.org.objectweb.asm.SymbolTable::addConstantUtf8Reference (101 bytes)
Event: 3.853 Thread 0x000002242c699330 nmethod 3767 0x000002242ff59410 code [0x000002242ff59680, 0x000002242ff5a0f8]
Event: 3.853 Thread 0x000002242c699330 3760       3       java.io.ObjectInputStream$HandleTable::assign (48 bytes)
Event: 3.853 Thread 0x000002242c699330 nmethod 3760 0x000002242ff5a490 code [0x000002242ff5a660, 0x000002242ff5a990]
Event: 3.853 Thread 0x000002242c699330 3770       3       java.io.ObjectInputStream::readHandle (141 bytes)
Event: 3.853 Thread 0x000002242c699330 nmethod 3770 0x000002242ff5ab10 code [0x000002242ff5ae80, 0x000002242ff5c270]
Event: 3.853 Thread 0x000002242c699330 3775       3       java.io.ObjectStreamClass$FieldReflector::setObjFieldValues (262 bytes)
Event: 3.854 Thread 0x000002242c699330 nmethod 3775 0x000002242ff5ca10 code [0x000002242ff5ce00, 0x000002242ff5e368]
Event: 3.854 Thread 0x000002242c699330 3761       3       jdk.internal.event.Event::<init> (5 bytes)
Event: 3.854 Thread 0x000002242c699330 nmethod 3761 0x000002242ff5ed10 code [0x000002242ff5eec0, 0x000002242ff5f028]
Event: 3.854 Thread 0x000002242c699330 3773       3       java.io.ObjectInputStream$BlockDataInputStream::readInt (73 bytes)
Event: 3.855 Thread 0x000002242c699330 nmethod 3773 0x000002242ff5f110 code [0x000002242ff5f3c0, 0x000002242ff5fff0]
Event: 3.855 Thread 0x000002242c699330 3769       3       java.io.ObjectInputStream::checkResolve (86 bytes)

GC Heap History (15 events):
Event: 0.376 GC heap before
{Heap before GC invocations=1 (full 0):
 PSYoungGen      total 29696K, used 25600K [0x00000000d5580000, 0x00000000d7680000, 0x0000000100000000)
  eden space 25600K, 100% used [0x00000000d5580000,0x00000000d6e80000,0x00000000d6e80000)
  from space 4096K, 0% used [0x00000000d7280000,0x00000000d7280000,0x00000000d7680000)
  to   space 4096K, 0% used [0x00000000d6e80000,0x00000000d6e80000,0x00000000d7280000)
 ParOldGen       total 68608K, used 0K [0x0000000080000000, 0x0000000084300000, 0x00000000d5580000)
  object space 68608K, 0% used [0x0000000080000000,0x0000000080000000,0x0000000084300000)
 Metaspace       used 4357K, committed 4608K, reserved 1114112K
  class space    used 475K, committed 576K, reserved 1048576K
}
Event: 0.380 GC heap after
{Heap after GC invocations=1 (full 0):
 PSYoungGen      total 29696K, used 3271K [0x00000000d5580000, 0x00000000d7680000, 0x0000000100000000)
  eden space 25600K, 0% used [0x00000000d5580000,0x00000000d5580000,0x00000000d6e80000)
  from space 4096K, 79% used [0x00000000d6e80000,0x00000000d71b1e98,0x00000000d7280000)
  to   space 4096K, 0% used [0x00000000d7280000,0x00000000d7280000,0x00000000d7680000)
 ParOldGen       total 68608K, used 16K [0x0000000080000000, 0x0000000084300000, 0x00000000d5580000)
  object space 68608K, 0% used [0x0000000080000000,0x0000000080004000,0x0000000084300000)
 Metaspace       used 4357K, committed 4608K, reserved 1114112K
  class space    used 475K, committed 576K, reserved 1048576K
}
Event: 0.760 GC heap before
{Heap before GC invocations=2 (full 0):
 PSYoungGen      total 29696K, used 28871K [0x00000000d5580000, 0x00000000d7680000, 0x0000000100000000)
  eden space 25600K, 100% used [0x00000000d5580000,0x00000000d6e80000,0x00000000d6e80000)
  from space 4096K, 79% used [0x00000000d6e80000,0x00000000d71b1e98,0x00000000d7280000)
  to   space 4096K, 0% used [0x00000000d7280000,0x00000000d7280000,0x00000000d7680000)
 ParOldGen       total 68608K, used 16K [0x0000000080000000, 0x0000000084300000, 0x00000000d5580000)
  object space 68608K, 0% used [0x0000000080000000,0x0000000080004000,0x0000000084300000)
 Metaspace       used 7970K, committed 8256K, reserved 1114112K
  class space    used 832K, committed 960K, reserved 1048576K
}
Event: 0.765 GC heap after
{Heap after GC invocations=2 (full 0):
 PSYoungGen      total 29696K, used 4070K [0x00000000d5580000, 0x00000000d7680000, 0x0000000100000000)
  eden space 25600K, 0% used [0x00000000d5580000,0x00000000d5580000,0x00000000d6e80000)
  from space 4096K, 99% used [0x00000000d7280000,0x00000000d7679820,0x00000000d7680000)
  to   space 4096K, 0% used [0x00000000d6e80000,0x00000000d6e80000,0x00000000d7280000)
 ParOldGen       total 68608K, used 1944K [0x0000000080000000, 0x0000000084300000, 0x00000000d5580000)
  object space 68608K, 2% used [0x0000000080000000,0x00000000801e6320,0x0000000084300000)
 Metaspace       used 7970K, committed 8256K, reserved 1114112K
  class space    used 832K, committed 960K, reserved 1048576K
}
Event: 0.952 GC heap before
{Heap before GC invocations=3 (full 0):
 PSYoungGen      total 29696K, used 29670K [0x00000000d5580000, 0x00000000d7680000, 0x0000000100000000)
  eden space 25600K, 100% used [0x00000000d5580000,0x00000000d6e80000,0x00000000d6e80000)
  from space 4096K, 99% used [0x00000000d7280000,0x00000000d7679820,0x00000000d7680000)
  to   space 4096K, 0% used [0x00000000d6e80000,0x00000000d6e80000,0x00000000d7280000)
 ParOldGen       total 68608K, used 1944K [0x0000000080000000, 0x0000000084300000, 0x00000000d5580000)
  object space 68608K, 2% used [0x0000000080000000,0x00000000801e6320,0x0000000084300000)
 Metaspace       used 9428K, committed 9792K, reserved 1114112K
  class space    used 1011K, committed 1152K, reserved 1048576K
}
Event: 0.956 GC heap after
{Heap after GC invocations=3 (full 0):
 PSYoungGen      total 29696K, used 4068K [0x00000000d5580000, 0x00000000d7680000, 0x0000000100000000)
  eden space 25600K, 0% used [0x00000000d5580000,0x00000000d5580000,0x00000000d6e80000)
  from space 4096K, 99% used [0x00000000d6e80000,0x00000000d7279018,0x00000000d7280000)
  to   space 4096K, 0% used [0x00000000d7280000,0x00000000d7280000,0x00000000d7680000)
 ParOldGen       total 68608K, used 4700K [0x0000000080000000, 0x0000000084300000, 0x00000000d5580000)
  object space 68608K, 6% used [0x0000000080000000,0x00000000804972a8,0x0000000084300000)
 Metaspace       used 9428K, committed 9792K, reserved 1114112K
  class space    used 1011K, committed 1152K, reserved 1048576K
}
Event: 3.069 GC heap before
{Heap before GC invocations=4 (full 0):
 PSYoungGen      total 29696K, used 29668K [0x00000000d5580000, 0x00000000d7680000, 0x0000000100000000)
  eden space 25600K, 100% used [0x00000000d5580000,0x00000000d6e80000,0x00000000d6e80000)
  from space 4096K, 99% used [0x00000000d6e80000,0x00000000d7279018,0x00000000d7280000)
  to   space 4096K, 0% used [0x00000000d7280000,0x00000000d7280000,0x00000000d7680000)
 ParOldGen       total 68608K, used 4700K [0x0000000080000000, 0x0000000084300000, 0x00000000d5580000)
  object space 68608K, 6% used [0x0000000080000000,0x00000000804972a8,0x0000000084300000)
 Metaspace       used 11639K, committed 11968K, reserved 1114112K
  class space    used 1239K, committed 1408K, reserved 1048576K
}
Event: 3.072 GC heap after
{Heap after GC invocations=4 (full 0):
 PSYoungGen      total 29696K, used 4078K [0x00000000d5580000, 0x00000000d7680000, 0x0000000100000000)
  eden space 25600K, 0% used [0x00000000d5580000,0x00000000d5580000,0x00000000d6e80000)
  from space 4096K, 99% used [0x00000000d7280000,0x00000000d767bb18,0x00000000d7680000)
  to   space 4096K, 0% used [0x00000000d6e80000,0x00000000d6e80000,0x00000000d7280000)
 ParOldGen       total 68608K, used 6556K [0x0000000080000000, 0x0000000084300000, 0x00000000d5580000)
  object space 68608K, 9% used [0x0000000080000000,0x00000000806672b0,0x0000000084300000)
 Metaspace       used 11639K, committed 11968K, reserved 1114112K
  class space    used 1239K, committed 1408K, reserved 1048576K
}
Event: 3.343 GC heap before
{Heap before GC invocations=5 (full 0):
 PSYoungGen      total 29696K, used 29678K [0x00000000d5580000, 0x00000000d7680000, 0x0000000100000000)
  eden space 25600K, 100% used [0x00000000d5580000,0x00000000d6e80000,0x00000000d6e80000)
  from space 4096K, 99% used [0x00000000d7280000,0x00000000d767bb18,0x00000000d7680000)
  to   space 4096K, 0% used [0x00000000d6e80000,0x00000000d6e80000,0x00000000d7280000)
 ParOldGen       total 68608K, used 6556K [0x0000000080000000, 0x0000000084300000, 0x00000000d5580000)
  object space 68608K, 9% used [0x0000000080000000,0x00000000806672b0,0x0000000084300000)
 Metaspace       used 15487K, committed 16064K, reserved 1114112K
  class space    used 1605K, committed 1856K, reserved 1048576K
}
Event: 3.346 GC heap after
{Heap after GC invocations=5 (full 0):
 PSYoungGen      total 29184K, used 4079K [0x00000000d5580000, 0x00000000d7a00000, 0x0000000100000000)
  eden space 25088K, 0% used [0x00000000d5580000,0x00000000d5580000,0x00000000d6e00000)
  from space 4096K, 99% used [0x00000000d6e80000,0x00000000d727be08,0x00000000d7280000)
  to   space 6144K, 0% used [0x00000000d7400000,0x00000000d7400000,0x00000000d7a00000)
 ParOldGen       total 68608K, used 8446K [0x0000000080000000, 0x0000000084300000, 0x00000000d5580000)
  object space 68608K, 12% used [0x0000000080000000,0x000000008083f880,0x0000000084300000)
 Metaspace       used 15487K, committed 16064K, reserved 1114112K
  class space    used 1605K, committed 1856K, reserved 1048576K
}
Event: 3.697 GC heap before
{Heap before GC invocations=6 (full 0):
 PSYoungGen      total 29184K, used 29167K [0x00000000d5580000, 0x00000000d7a00000, 0x0000000100000000)
  eden space 25088K, 100% used [0x00000000d5580000,0x00000000d6e00000,0x00000000d6e00000)
  from space 4096K, 99% used [0x00000000d6e80000,0x00000000d727be08,0x00000000d7280000)
  to   space 6144K, 0% used [0x00000000d7400000,0x00000000d7400000,0x00000000d7a00000)
 ParOldGen       total 68608K, used 8446K [0x0000000080000000, 0x0000000084300000, 0x00000000d5580000)
  object space 68608K, 12% used [0x0000000080000000,0x000000008083f880,0x0000000084300000)
 Metaspace       used 18613K, committed 19328K, reserved 1114112K
  class space    used 1964K, committed 2240K, reserved 1048576K
}
Event: 3.700 GC heap after
{Heap after GC invocations=6 (full 0):
 PSYoungGen      total 29696K, used 5047K [0x00000000d5580000, 0x00000000d7900000, 0x0000000100000000)
  eden space 24576K, 0% used [0x00000000d5580000,0x00000000d5580000,0x00000000d6d80000)
  from space 5120K, 98% used [0x00000000d7400000,0x00000000d78edc10,0x00000000d7900000)
  to   space 5632K, 0% used [0x00000000d6e00000,0x00000000d6e00000,0x00000000d7380000)
 ParOldGen       total 68608K, used 8454K [0x0000000080000000, 0x0000000084300000, 0x00000000d5580000)
  object space 68608K, 12% used [0x0000000080000000,0x0000000080841880,0x0000000084300000)
 Metaspace       used 18613K, committed 19328K, reserved 1114112K
  class space    used 1964K, committed 2240K, reserved 1048576K
}
Event: 3.855 GC heap before
{Heap before GC invocations=7 (full 0):
 PSYoungGen      total 29696K, used 22204K [0x00000000d5580000, 0x00000000d7900000, 0x0000000100000000)
  eden space 24576K, 69% used [0x00000000d5580000,0x00000000d6641588,0x00000000d6d80000)
  from space 5120K, 98% used [0x00000000d7400000,0x00000000d78edc10,0x00000000d7900000)
  to   space 5632K, 0% used [0x00000000d6e00000,0x00000000d6e00000,0x00000000d7380000)
 ParOldGen       total 68608K, used 8454K [0x0000000080000000, 0x0000000084300000, 0x00000000d5580000)
  object space 68608K, 12% used [0x0000000080000000,0x0000000080841880,0x0000000084300000)
 Metaspace       used 20630K, committed 21504K, reserved 1114112K
  class space    used 2214K, committed 2624K, reserved 1048576K
}
Event: 3.859 GC heap after
{Heap after GC invocations=7 (full 0):
 PSYoungGen      total 28672K, used 3896K [0x00000000d5580000, 0x00000000d7680000, 0x0000000100000000)
  eden space 24576K, 0% used [0x00000000d5580000,0x00000000d5580000,0x00000000d6d80000)
  from space 4096K, 95% used [0x00000000d6e00000,0x00000000d71ce2d8,0x00000000d7200000)
  to   space 4608K, 0% used [0x00000000d7200000,0x00000000d7200000,0x00000000d7680000)
 ParOldGen       total 68608K, used 9854K [0x0000000080000000, 0x0000000084300000, 0x00000000d5580000)
  object space 68608K, 14% used [0x0000000080000000,0x000000008099fb78,0x0000000084300000)
 Metaspace       used 20630K, committed 21504K, reserved 1114112K
  class space    used 2214K, committed 2624K, reserved 1048576K
}
Event: 3.859 GC heap before
{Heap before GC invocations=8 (full 1):
 PSYoungGen      total 28672K, used 3896K [0x00000000d5580000, 0x00000000d7680000, 0x0000000100000000)
  eden space 24576K, 0% used [0x00000000d5580000,0x00000000d5580000,0x00000000d6d80000)
  from space 4096K, 95% used [0x00000000d6e00000,0x00000000d71ce2d8,0x00000000d7200000)
  to   space 4608K, 0% used [0x00000000d7200000,0x00000000d7200000,0x00000000d7680000)
 ParOldGen       total 68608K, used 9854K [0x0000000080000000, 0x0000000084300000, 0x00000000d5580000)
  object space 68608K, 14% used [0x0000000080000000,0x000000008099fb78,0x0000000084300000)
 Metaspace       used 20630K, committed 21504K, reserved 1114112K
  class space    used 2214K, committed 2624K, reserved 1048576K
}

Dll operation events (10 events):
Event: 0.008 Loaded shared library c:\Users\Luigi\.cursor\extensions\redhat.java-1.55.0-win32-x64\jre\21.0.11-win32-x86_64\bin\java.dll
Event: 0.049 Loaded shared library c:\Users\Luigi\.cursor\extensions\redhat.java-1.55.0-win32-x64\jre\21.0.11-win32-x86_64\bin\zip.dll
Event: 0.061 Loaded shared library C:\Users\Luigi\.cursor\extensions\redhat.java-1.55.0-win32-x64\jre\21.0.11-win32-x86_64\bin\instrument.dll
Event: 0.064 Loaded shared library C:\Users\Luigi\.cursor\extensions\redhat.java-1.55.0-win32-x64\jre\21.0.11-win32-x86_64\bin\net.dll
Event: 0.066 Loaded shared library C:\Users\Luigi\.cursor\extensions\redhat.java-1.55.0-win32-x64\jre\21.0.11-win32-x86_64\bin\nio.dll
Event: 0.068 Loaded shared library C:\Users\Luigi\.cursor\extensions\redhat.java-1.55.0-win32-x64\jre\21.0.11-win32-x86_64\bin\zip.dll
Event: 0.079 Loaded shared library C:\Users\Luigi\.cursor\extensions\redhat.java-1.55.0-win32-x64\jre\21.0.11-win32-x86_64\bin\jimage.dll
Event: 0.120 Loaded shared library c:\Users\Luigi\.cursor\extensions\redhat.java-1.55.0-win32-x64\jre\21.0.11-win32-x86_64\bin\verify.dll
Event: 0.778 Loaded shared library C:\Users\Luigi\AppData\Roaming\Cursor\User\globalStorage\redhat.java\1.55.0\config_win\org.eclipse.equinox.launcher\org.eclipse.equinox.launcher.win32.win32.x86_64_1.3.100.v20260613-0559\eclipse_11924.dll
Event: 3.548 Loaded shared library C:\Users\Luigi\AppData\Local\Temp\jna-73777346\jna949158955876356415.dll

Deoptimization events (20 events):
Event: 3.760 Thread 0x000002248b3db680 Uncommon trap: trap_request=0xffffff45 fr.pc=0x00000224372d81d8 relative=0x0000000000000478
Event: 3.760 Thread 0x000002248b3db680 Uncommon trap: reason=unstable_if action=reinterpret pc=0x00000224372d81d8 method=java.lang.StringLatin1.canEncode(C)Z @ 4 c2
Event: 3.760 Thread 0x000002248b3db680 DEOPT PACKING pc=0x00000224372d81d8 sp=0x00000080556f2db0
Event: 3.760 Thread 0x000002248b3db680 DEOPT UNPACKING pc=0x0000022436d66da2 sp=0x00000080556f2ce0 mode 2
Event: 3.760 Thread 0x000002248b3db680 Uncommon trap: trap_request=0xffffff45 fr.pc=0x00000224372fdc28 relative=0x0000000000000448
Event: 3.760 Thread 0x000002248b3db680 Uncommon trap: reason=unstable_if action=reinterpret pc=0x00000224372fdc28 method=java.lang.AbstractStringBuilder.isLatin1()Z @ 10 c2
Event: 3.760 Thread 0x000002248b3db680 DEOPT PACKING pc=0x00000224372fdc28 sp=0x00000080556f2dd0
Event: 3.760 Thread 0x000002248b3db680 DEOPT UNPACKING pc=0x0000022436d66da2 sp=0x00000080556f2d60 mode 2
Event: 3.761 Thread 0x000002248b3db680 Uncommon trap: trap_request=0xffffff45 fr.pc=0x000002243739b2e8 relative=0x0000000000000048
Event: 3.761 Thread 0x000002248b3db680 Uncommon trap: reason=unstable_if action=reinterpret pc=0x000002243739b2e8 method=java.lang.StringLatin1.canEncode(C)Z @ 4 c2
Event: 3.761 Thread 0x000002248b3db680 DEOPT PACKING pc=0x000002243739b2e8 sp=0x00000080556f2d60
Event: 3.761 Thread 0x000002248b3db680 DEOPT UNPACKING pc=0x0000022436d66da2 sp=0x00000080556f2ce8 mode 2
Event: 3.830 Thread 0x000002248b3db680 Uncommon trap: trap_request=0xffffff45 fr.pc=0x0000022437441194 relative=0x0000000000000074
Event: 3.830 Thread 0x000002248b3db680 Uncommon trap: reason=unstable_if action=reinterpret pc=0x0000022437441194 method=java.lang.invoke.LambdaForm$BasicType.basicType(C)Ljava/lang/invoke/LambdaForm$BasicType; @ 1 c2
Event: 3.830 Thread 0x000002248b3db680 DEOPT PACKING pc=0x0000022437441194 sp=0x00000080556f2310
Event: 3.830 Thread 0x000002248b3db680 DEOPT UNPACKING pc=0x0000022436d66da2 sp=0x00000080556f22a8 mode 2
Event: 3.830 Thread 0x000002248b3db680 Uncommon trap: trap_request=0xffffff45 fr.pc=0x000002243740c0d4 relative=0x0000000000000b94
Event: 3.830 Thread 0x000002248b3db680 Uncommon trap: reason=unstable_if action=reinterpret pc=0x000002243740c0d4 method=jdk.internal.org.objectweb.asm.Frame.execute(IILjdk/internal/org/objectweb/asm/Symbol;Ljdk/internal/org/objectweb/asm/SymbolTable;)V @ 1 c2
Event: 3.830 Thread 0x000002248b3db680 DEOPT PACKING pc=0x000002243740c0d4 sp=0x00000080556f2080
Event: 3.830 Thread 0x000002248b3db680 DEOPT UNPACKING pc=0x0000022436d66da2 sp=0x00000080556f2008 mode 2

Classes loaded (20 events):
Event: 3.831 Loading class java/io/ObjectStreamClass$DeserializationConstructorsCache$Key$Lookup
Event: 3.831 Loading class java/io/ObjectStreamClass$DeserializationConstructorsCache$Key
Event: 3.831 Loading class java/io/ObjectStreamClass$DeserializationConstructorsCache$Key done
Event: 3.831 Loading class java/io/ObjectStreamClass$DeserializationConstructorsCache$Key$Lookup done
Event: 3.834 Loading class java/lang/invoke/BoundMethodHandle$Species_LIL
Event: 3.834 Loading class java/lang/invoke/BoundMethodHandle$Species_LIL done
Event: 3.836 Loading class java/io/ObjectStreamClass$DeserializationConstructorsCache$Key$Impl
Event: 3.836 Loading class java/io/ObjectStreamClass$DeserializationConstructorsCache$Key$Impl done
Event: 3.836 Loading class java/lang/runtime/ObjectMethods
Event: 3.837 Loading class java/lang/runtime/ObjectMethods done
Event: 3.838 Loading class java/lang/invoke/MethodHandleImpl$Makers
Event: 3.838 Loading class java/lang/invoke/MethodHandleImpl$Makers done
Event: 3.838 Loading class java/lang/invoke/MethodHandleImpl$Makers$1
Event: 3.838 Loading class java/lang/invoke/MethodHandleImpl$Makers$1 done
Event: 3.838 Loading class java/lang/invoke/MethodHandleImpl$Makers$2
Event: 3.838 Loading class java/lang/invoke/MethodHandleImpl$Makers$2 done
Event: 3.838 Loading class java/lang/invoke/MethodHandleImpl$Makers$3
Event: 3.838 Loading class java/lang/invoke/MethodHandleImpl$Makers$3 done
Event: 3.839 Loading class java/lang/runtime/ObjectMethods$1
Event: 3.839 Loading class java/lang/runtime/ObjectMethods$1 done

Classes unloaded (0 events):
No events

Classes redefined (0 events):
No events

Internal exceptions (20 events):
Event: 3.593 Thread 0x000002248b3db680 Exception <a 'java/lang/NoSuchMethodError'{0x00000000d61157f8}: 'java.lang.Object java.lang.invoke.DirectMethodHandle$Holder.invokeSpecial(java.lang.Object, java.lang.Object, java.lang.Object, int, java.lang.Object, java.lang.Object)'> (0x00000000d61157f8) 
thrown [s\src\hotspot\share\interpreter\linkResolver.cpp, line 773]
Event: 3.594 Thread 0x000002248b3db680 Exception <a 'java/lang/NoSuchMethodError'{0x00000000d611d168}: 'java.lang.Object java.lang.invoke.DirectMethodHandle$Holder.newInvokeSpecial(java.lang.Object, java.lang.Object, java.lang.Object, int, java.lang.Object)'> (0x00000000d611d168) 
thrown [s\src\hotspot\share\interpreter\linkResolver.cpp, line 773]
Event: 3.594 Thread 0x000002248b3db680 Exception <a 'java/lang/NoSuchMethodError'{0x00000000d6121068}: 'java.lang.Object java.lang.invoke.DirectMethodHandle$Holder.invokeSpecial(java.lang.Object, java.lang.Object, java.lang.Object, java.lang.Object, int, java.lang.Object)'> (0x00000000d6121068) 
thrown [s\src\hotspot\share\interpreter\linkResolver.cpp, line 773]
Event: 3.594 Thread 0x000002248b3db680 Exception <a 'java/lang/NoSuchMethodError'{0x00000000d6124b98}: 'java.lang.Object java.lang.invoke.Invokers$Holder.linkToTargetMethod(java.lang.Object, java.lang.Object, int, java.lang.Object, java.lang.Object)'> (0x00000000d6124b98) 
thrown [s\src\hotspot\share\interpreter\linkResolver.cpp, line 773]
Event: 3.594 Thread 0x000002248c0c8140 Exception <a 'java/lang/NoSuchMethodError'{0x00000000d6013bc8}: 'java.lang.Object java.lang.invoke.DirectMethodHandle$Holder.invokeSpecial(java.lang.Object, java.lang.Object, int, java.lang.Object, java.lang.Object)'> (0x00000000d6013bc8) 
thrown [s\src\hotspot\share\interpreter\linkResolver.cpp, line 773]
Event: 3.601 Thread 0x000002248b3db680 Exception <a 'java/lang/NoSuchMethodError'{0x00000000d621cc50}: 'void java.lang.invoke.DirectMethodHandle$Holder.invokeSpecial(java.lang.Object, java.lang.Object, java.lang.Object, java.lang.Object, java.lang.Object)'> (0x00000000d621cc50) 
thrown [s\src\hotspot\share\interpreter\linkResolver.cpp, line 773]
Event: 3.668 Thread 0x000002248b3db680 Exception <a 'java/lang/NoSuchMethodError'{0x00000000d69ce690}: 'java.lang.Object java.lang.invoke.DirectMethodHandle$Holder.invokeInterface(java.lang.Object, java.lang.Object, java.lang.Object)'> (0x00000000d69ce690) 
thrown [s\src\hotspot\share\interpreter\linkResolver.cpp, line 773]
Event: 3.707 Thread 0x000002248b3db680 Exception <a 'java/lang/NoSuchMethodError'{0x00000000d569b4d8}: 'java.lang.Object java.lang.invoke.Invokers$Holder.linkToTargetMethod(java.lang.Object, long, java.lang.Object, java.lang.Object)'> (0x00000000d569b4d8) 
thrown [s\src\hotspot\share\interpreter\linkResolver.cpp, line 773]
Event: 3.814 Thread 0x000002248b3db680 Exception <a 'java/lang/NoSuchMethodError'{0x00000000d634d278}: 'long java.lang.invoke.Invokers$Holder.invokeExact_MT(java.lang.Object, java.lang.Object)'> (0x00000000d634d278) 
thrown [s\src\hotspot\share\interpreter\linkResolver.cpp, line 773]
Event: 3.830 Thread 0x000002248b3db680 Exception <a 'java/lang/NoSuchMethodError'{0x00000000d648a850}: 'long java.lang.invoke.DirectMethodHandle$Holder.invokeStatic(java.lang.Object, java.lang.Object, int)'> (0x00000000d648a850) 
thrown [s\src\hotspot\share\interpreter\linkResolver.cpp, line 773]
Event: 3.835 Thread 0x000002248b3db680 Exception <a 'java/lang/NoSuchMethodError'{0x00000000d64d3588}: 'java.lang.Object java.lang.invoke.DirectMethodHandle$Holder.invokeStatic(java.lang.Object, java.lang.Object, java.lang.Object, java.lang.Object, int, java.lang.Object)'> (0x00000000d64d3588) 
thrown [s\src\hotspot\share\interpreter\linkResolver.cpp, line 773]
Event: 3.837 Thread 0x000002248b3db680 Exception <a 'java/lang/NoSuchMethodError'{0x00000000d64ed768}: 'java.lang.Object java.lang.invoke.DirectMethodHandle$Holder.invokeStaticInit(java.lang.Object, java.lang.Object, java.lang.Object, java.lang.Object, java.lang.Object, java.lang.Object, java.lang.Object)'> (0x00000000d64ed768) 
thrown [s\src\hotspot\share\interpreter\linkResolver.cpp, line 773]
Event: 3.837 Thread 0x000002248b3db680 Exception <a 'java/lang/NoSuchMethodError'{0x00000000d64f2f08}: 'java.lang.Object java.lang.invoke.Invokers$Holder.invoke_MT(java.lang.Object, java.lang.Object, java.lang.Object, java.lang.Object, java.lang.Object, java.lang.Object, java.lang.Object, java.lang.Object, java.lang.Object)'> (0x00000000d64f2f08) 
thrown [s\src\hotspot\share\interpreter\linkResolver.cpp, line 773]
Event: 3.839 Thread 0x000002248b3db680 Exception <a 'java/lang/NoSuchMethodError'{0x00000000d6528060}: 'int java.lang.invoke.DirectMethodHandle$Holder.invokeVirtual(java.lang.Object, java.lang.Object, java.lang.Object)'> (0x00000000d6528060) 
thrown [s\src\hotspot\share\interpreter\linkResolver.cpp, line 773]
Event: 3.840 Thread 0x000002248b3db680 Exception <a 'java/lang/NoSuchMethodError'{0x00000000d652cff8}: 'int java.lang.invoke.DirectMethodHandle$Holder.invokeStaticInit(java.lang.Object, int, int)'> (0x00000000d652cff8) 
thrown [s\src\hotspot\share\interpreter\linkResolver.cpp, line 773]
Event: 3.840 Thread 0x000002248b3db680 Exception <a 'java/lang/NoSuchMethodError'{0x00000000d6535380}: 'int java.lang.invoke.DirectMethodHandle$Holder.invokeStaticInit(java.lang.Object, long, long)'> (0x00000000d6535380) 
thrown [s\src\hotspot\share\interpreter\linkResolver.cpp, line 773]
Event: 3.840 Thread 0x000002248b3db680 Exception <a 'java/lang/NoSuchMethodError'{0x00000000d653cd38}: 'int java.lang.invoke.DirectMethodHandle$Holder.invokeStaticInit(java.lang.Object, float, float)'> (0x00000000d653cd38) 
thrown [s\src\hotspot\share\interpreter\linkResolver.cpp, line 773]
Event: 3.841 Thread 0x000002248b3db680 Exception <a 'java/lang/NoSuchMethodError'{0x00000000d65446e8}: 'int java.lang.invoke.DirectMethodHandle$Holder.invokeStaticInit(java.lang.Object, double, double)'> (0x00000000d65446e8) 
thrown [s\src\hotspot\share\interpreter\linkResolver.cpp, line 773]
Event: 3.841 Thread 0x000002248b3db680 Exception <a 'java/lang/NoSuchMethodError'{0x00000000d6549b00}: 'int java.lang.invoke.DirectMethodHandle$Holder.invokeStatic(java.lang.Object, long)'> (0x00000000d6549b00) 
thrown [s\src\hotspot\share\interpreter\linkResolver.cpp, line 773]
Event: 3.844 Thread 0x000002248b3db680 Exception <a 'java/lang/NoSuchMethodError'{0x00000000d65687e8}: 'int java.lang.invoke.Invokers$Holder.linkToTargetMethod(java.lang.Object, java.lang.Object)'> (0x00000000d65687e8) 
thrown [s\src\hotspot\share\interpreter\linkResolver.cpp, line 773]

ZGC Phase Switch (0 events):
No events

VM Operations (20 events):
Event: 3.336 Executing safepoint VM operation: ICBufferFull done
Event: 3.343 Executing safepoint VM operation: ParallelGCFailedAllocation (Allocation Failure)
Event: 3.346 Executing safepoint VM operation: ParallelGCFailedAllocation (Allocation Failure) done
Event: 3.479 Executing non-safepoint VM operation: HandshakeAllThreads (Deoptimize)
Event: 3.479 Executing non-safepoint VM operation: HandshakeAllThreads (Deoptimize) done
Event: 3.553 Executing non-safepoint VM operation: HandshakeAllThreads (Deoptimize)
Event: 3.553 Executing non-safepoint VM operation: HandshakeAllThreads (Deoptimize) done
Event: 3.631 Executing non-safepoint VM operation: HandshakeAllThreads (Deoptimize)
Event: 3.631 Executing non-safepoint VM operation: HandshakeAllThreads (Deoptimize) done
Event: 3.650 Executing non-safepoint VM operation: HandshakeAllThreads (Deoptimize)
Event: 3.650 Executing non-safepoint VM operation: HandshakeAllThreads (Deoptimize) done
Event: 3.653 Executing non-safepoint VM operation: HandshakeAllThreads (Deoptimize)
Event: 3.653 Executing non-safepoint VM operation: HandshakeAllThreads (Deoptimize) done
Event: 3.671 Executing safepoint VM operation: ICBufferFull
Event: 3.671 Executing safepoint VM operation: ICBufferFull done
Event: 3.697 Executing safepoint VM operation: ParallelGCFailedAllocation (Allocation Failure)
Event: 3.700 Executing safepoint VM operation: ParallelGCFailedAllocation (Allocation Failure) done
Event: 3.828 Executing non-safepoint VM operation: HandshakeAllThreads (Deoptimize)
Event: 3.828 Executing non-safepoint VM operation: HandshakeAllThreads (Deoptimize) done
Event: 3.855 Executing safepoint VM operation: CollectForMetadataAllocation (Metadata GC Threshold)

Memory protections (0 events):
No events

Nmethod flushes (0 events):
No events

Events (20 events):
Event: 0.032 Thread 0x000002242c5e2100 Thread added: 0x0000022485372fa0
Event: 0.032 Thread 0x000002242c5e2100 Thread added: 0x000002242c699330
Event: 0.056 Thread 0x000002242c699330 Thread added: 0x000002248555b5e0
Event: 0.062 Thread 0x000002242c5e2100 Thread added: 0x000002248559a960
Event: 0.169 Thread 0x000002242c5e2100 Thread added: 0x0000022485624b50
Event: 0.214 Thread 0x000002242c699330 Thread added: 0x000002248555d7f0
Event: 0.628 Thread 0x000002242c5e2100 Thread added: 0x0000022486af1ce0
Event: 0.776 Thread 0x000002242c5e2100 Thread added: 0x000002248b01ccc0
Event: 0.805 Thread 0x000002248b01ccc0 Thread added: 0x000002248b3db010
Event: 0.808 Thread 0x000002242c5e2100 Thread added: 0x000002248b3db680
Event: 0.981 Thread 0x000002248b3db680 Thread added: 0x000002248b93bf70
Event: 1.276 Thread 0x000002248555d7f0 Thread exited: 0x000002248555d7f0
Event: 1.277 Thread 0x000002248555b5e0 Thread exited: 0x000002248555b5e0
Event: 3.005 Thread 0x000002248b3db680 Thread added: 0x000002248bcd3ac0
Event: 3.096 Thread 0x000002242c699330 Thread added: 0x000002248bb53f70
Event: 3.096 Thread 0x000002242c699330 Thread added: 0x000002248bb54640
Event: 3.224 Thread 0x000002248b3db680 Thread added: 0x000002248b9663f0
Event: 3.562 Thread 0x000002248b3db680 Thread added: 0x000002248c0c87d0
Event: 3.582 Thread 0x000002248b3db680 Thread added: 0x000002248c0c8140
Event: 3.594 Thread 0x000002248b3db680 Thread added: 0x000002248c0c94f0


Dynamic libraries:
0x00007ff794ef0000 - 0x00007ff794efe000 	c:\Users\Luigi\.cursor\extensions\redhat.java-1.55.0-win32-x64\jre\21.0.11-win32-x86_64\bin\java.exe
0x00007ff9eb640000 - 0x00007ff9eb8a6000 	C:\WINDOWS\SYSTEM32\ntdll.dll
0x00007ff9e94e0000 - 0x00007ff9e95a9000 	C:\WINDOWS\System32\KERNEL32.DLL
0x00007ff9e8c90000 - 0x00007ff9e908e000 	C:\WINDOWS\System32\KERNELBASE.dll
0x00007ff9e9210000 - 0x00007ff9e935c000 	C:\WINDOWS\System32\ucrtbase.dll
0x00007ff9d4520000 - 0x00007ff9d4538000 	c:\Users\Luigi\.cursor\extensions\redhat.java-1.55.0-win32-x64\jre\21.0.11-win32-x86_64\bin\jli.dll
0x00007ff9c3ac0000 - 0x00007ff9c3ade000 	c:\Users\Luigi\.cursor\extensions\redhat.java-1.55.0-win32-x64\jre\21.0.11-win32-x86_64\bin\VCRUNTIME140.dll
0x00007ff9e98a0000 - 0x00007ff9e9a67000 	C:\WINDOWS\System32\USER32.dll
0x00007ff9e79c0000 - 0x00007ff9e7c52000 	C:\WINDOWS\WinSxS\amd64_microsoft.windows.common-controls_6595b64144ccf1df_6.0.26100.8894_none_3e0f749ee32e02ea\COMCTL32.dll
0x00007ff9e8860000 - 0x00007ff9e8887000 	C:\WINDOWS\System32\win32u.dll
0x00007ff9ea0c0000 - 0x00007ff9ea0eb000 	C:\WINDOWS\System32\GDI32.dll
0x00007ff9eb540000 - 0x00007ff9eb5e9000 	C:\WINDOWS\System32\msvcrt.dll
0x00007ff9e8b60000 - 0x00007ff9e8c8a000 	C:\WINDOWS\System32\gdi32full.dll
0x00007ff9e9160000 - 0x00007ff9e9203000 	C:\WINDOWS\System32\msvcp_win.dll
0x00007ff9eaab0000 - 0x00007ff9eaae2000 	C:\WINDOWS\System32\IMM32.DLL
0x00007ff9e6fa0000 - 0x00007ff9e6fac000 	c:\Users\Luigi\.cursor\extensions\redhat.java-1.55.0-win32-x64\jre\21.0.11-win32-x86_64\bin\vcruntime140_1.dll
0x00007ff92d170000 - 0x00007ff92d1fd000 	c:\Users\Luigi\.cursor\extensions\redhat.java-1.55.0-win32-x64\jre\21.0.11-win32-x86_64\bin\msvcp140.dll
0x00007ff8f4b60000 - 0x00007ff8f5902000 	c:\Users\Luigi\.cursor\extensions\redhat.java-1.55.0-win32-x64\jre\21.0.11-win32-x86_64\bin\server\jvm.dll
0x00007ff9e9420000 - 0x00007ff9e94d7000 	C:\WINDOWS\System32\ADVAPI32.dll
0x00007ff9e95b0000 - 0x00007ff9e965a000 	C:\WINDOWS\System32\sechost.dll
0x00007ff9e9e30000 - 0x00007ff9e9f48000 	C:\WINDOWS\System32\RPCRT4.dll
0x00007ff9eae00000 - 0x00007ff9eae80000 	C:\WINDOWS\System32\WS2_32.dll
0x00007ff9e80a0000 - 0x00007ff9e80fe000 	C:\WINDOWS\SYSTEM32\POWRPROF.dll
0x00007ff9da8c0000 - 0x00007ff9da8f6000 	C:\WINDOWS\SYSTEM32\WINMM.dll
0x00007ff9e6360000 - 0x00007ff9e636b000 	C:\WINDOWS\SYSTEM32\VERSION.dll
0x00007ff9e7d60000 - 0x00007ff9e7d74000 	C:\WINDOWS\SYSTEM32\UMPDC.dll
0x00007ff9e7780000 - 0x00007ff9e779b000 	C:\WINDOWS\SYSTEM32\kernel.appcore.dll
0x00007ff9d9300000 - 0x00007ff9d930a000 	c:\Users\Luigi\.cursor\extensions\redhat.java-1.55.0-win32-x64\jre\21.0.11-win32-x86_64\bin\jimage.dll
0x00007ff9e8110000 - 0x00007ff9e8352000 	C:\WINDOWS\SYSTEM32\DBGHELP.DLL
0x00007ff9e9a70000 - 0x00007ff9e9df3000 	C:\WINDOWS\System32\combase.dll
0x00007ff9ea9d0000 - 0x00007ff9eaaa9000 	C:\WINDOWS\System32\OLEAUT32.dll
0x00007ff9e7f90000 - 0x00007ff9e7fcb000 	C:\WINDOWS\SYSTEM32\dbgcore.DLL
0x00007ff9e8aa0000 - 0x00007ff9e8b4c000 	C:\WINDOWS\System32\bcryptPrimitives.dll
0x00007ff9d8ad0000 - 0x00007ff9d8adf000 	c:\Users\Luigi\.cursor\extensions\redhat.java-1.55.0-win32-x64\jre\21.0.11-win32-x86_64\bin\instrument.dll
0x00007ff9b1eb0000 - 0x00007ff9b1ed0000 	c:\Users\Luigi\.cursor\extensions\redhat.java-1.55.0-win32-x64\jre\21.0.11-win32-x86_64\bin\java.dll
0x00007ff9ea220000 - 0x00007ff9ea9b2000 	C:\WINDOWS\System32\SHELL32.dll
0x00007ff9e5310000 - 0x00007ff9e5ba2000 	C:\WINDOWS\SYSTEM32\windows.storage.dll
0x00007ff9ea110000 - 0x00007ff9ea207000 	C:\WINDOWS\System32\SHCORE.dll
0x00007ff9e9f50000 - 0x00007ff9e9fb7000 	C:\WINDOWS\System32\shlwapi.dll
0x00007ff9e8780000 - 0x00007ff9e87a9000 	C:\WINDOWS\SYSTEM32\profapi.dll
0x00007ff9df4a0000 - 0x00007ff9df4b8000 	c:\Users\Luigi\.cursor\extensions\redhat.java-1.55.0-win32-x64\jre\21.0.11-win32-x86_64\bin\zip.dll
0x00007ff9e8050000 - 0x00007ff9e8060000 	C:\Users\Luigi\.cursor\extensions\redhat.java-1.55.0-win32-x64\jre\21.0.11-win32-x86_64\bin\net.dll
0x00007ff9de1d0000 - 0x00007ff9de2f7000 	C:\WINDOWS\SYSTEM32\WINHTTP.dll
0x00007ff9e6b60000 - 0x00007ff9e6bcc000 	C:\WINDOWS\system32\mswsock.dll
0x00007ff9df480000 - 0x00007ff9df496000 	C:\Users\Luigi\.cursor\extensions\redhat.java-1.55.0-win32-x64\jre\21.0.11-win32-x86_64\bin\nio.dll
0x00007ff9df540000 - 0x00007ff9df550000 	c:\Users\Luigi\.cursor\extensions\redhat.java-1.55.0-win32-x64\jre\21.0.11-win32-x86_64\bin\verify.dll
0x00007ff9a3cb0000 - 0x00007ff9a3cf5000 	C:\Users\Luigi\AppData\Roaming\Cursor\User\globalStorage\redhat.java\1.55.0\config_win\org.eclipse.equinox.launcher\org.eclipse.equinox.launcher.win32.win32.x86_64_1.3.100.v20260613-0559\eclipse_11924.dll
0x00007ff9eb3a0000 - 0x00007ff9eb539000 	C:\WINDOWS\System32\ole32.dll
0x00007ff9e8480000 - 0x00007ff9e849b000 	C:\WINDOWS\SYSTEM32\CRYPTSP.dll
0x00007ff9e6550000 - 0x00007ff9e6589000 	C:\WINDOWS\system32\rsaenh.dll
0x00007ff9e6c20000 - 0x00007ff9e6c52000 	C:\WINDOWS\SYSTEM32\USERENV.dll
0x00007ff9e8750000 - 0x00007ff9e877a000 	C:\WINDOWS\SYSTEM32\bcrypt.dll
0x00007ff9e7760000 - 0x00007ff9e776c000 	C:\WINDOWS\SYSTEM32\CRYPTBASE.dll
0x00007ff9e5f60000 - 0x00007ff9e5f93000 	C:\WINDOWS\SYSTEM32\IPHLPAPI.DLL
0x00007ff9ea210000 - 0x00007ff9ea21a000 	C:\WINDOWS\System32\NSI.dll
0x00007ff992040000 - 0x00007ff992089000 	C:\Users\Luigi\AppData\Local\Temp\jna-73777346\jna949158955876356415.dll
0x00007ff9eb5f0000 - 0x00007ff9eb5f8000 	C:\WINDOWS\System32\PSAPI.DLL

JVMTI agents:
c:\Users\Luigi\.cursor\extensions\redhat.java-1.55.0-win32-x64\lombok\lombok-1.18.39-4050.jar path:c:\Users\Luigi\.cursor\extensions\redhat.java-1.55.0-win32-x64\jre\21.0.11-win32-x86_64\bin\instrument.dll, loaded, initialized, instrumentlib options:none

dbghelp: loaded successfully - version: 4.0.5 - missing functions: none
symbol engine: initialized successfully - sym options: 0x614 - pdb path: .;c:\Users\Luigi\.cursor\extensions\redhat.java-1.55.0-win32-x64\jre\21.0.11-win32-x86_64\bin;C:\WINDOWS\SYSTEM32;C:\WINDOWS\WinSxS\amd64_microsoft.windows.common-controls_6595b64144ccf1df_6.0.26100.8894_none_3e0f749ee32e02ea;c:\Users\Luigi\.cursor\extensions\redhat.java-1.55.0-win32-x64\jre\21.0.11-win32-x86_64\bin\server;C:\Users\Luigi\AppData\Roaming\Cursor\User\globalStorage\redhat.java\1.55.0\config_win\org.eclipse.equinox.launcher\org.eclipse.equinox.launcher.win32.win32.x86_64_1.3.100.v20260613-0559;C:\Users\Luigi\AppData\Local\Temp\jna-73777346

VM Arguments:
jvm_args: --add-modules=ALL-SYSTEM --add-opens=java.base/java.util=ALL-UNNAMED --add-opens=java.base/java.lang=ALL-UNNAMED --add-opens=java.base/sun.nio.fs=ALL-UNNAMED -Declipse.application=org.eclipse.jdt.ls.core.id1 -Dosgi.bundles.defaultStartLevel=4 -Declipse.product=org.eclipse.jdt.ls.core.product -Djava.import.generatesMetadataFilesAtProjectRoot=false -DDetectVMInstallationsJob.disabled=true -Dfile.encoding=utf8 -XX:+UseParallelGC -XX:GCTimeRatio=4 -XX:AdaptiveSizePolicyWeight=90 -Dsun.zip.disableMemoryMapping=true -Xmx2G -Xms100m -Xlog:disable -javaagent:c:\Users\Luigi\.cursor\extensions\redhat.java-1.55.0-win32-x64\lombok\lombok-1.18.39-4050.jar -XX:+HeapDumpOnOutOfMemoryError -XX:HeapDumpPath=c:\Users\Luigi\AppData\Roaming\Cursor\User\workspaceStorage\56a197128c4981142545aa649b33ebe0\redhat.java -Daether.dependencyCollector.impl=bf 
java_command: c:\Users\Luigi\.cursor\extensions\redhat.java-1.55.0-win32-x64\server\plugins\org.eclipse.equinox.launcher_1.7.200.v20260619-2039.jar -configuration c:\Users\Luigi\AppData\Roaming\Cursor\User\globalStorage\redhat.java\1.55.0\config_win -data c:\Users\Luigi\AppData\Roaming\Cursor\User\workspaceStorage\56a197128c4981142545aa649b33ebe0\redhat.java\jdt_ws --pipe=\\.\pipe\lsp-8991f357677d92fc94470f8a604af22b-sock
java_class_path (initial): c:\Users\Luigi\.cursor\extensions\redhat.java-1.55.0-win32-x64\server\plugins\org.eclipse.equinox.launcher_1.7.200.v20260619-2039.jar
Launcher Type: SUN_STANDARD

[Global flags]
    uintx AdaptiveSizePolicyWeight                 = 90                                        {product} {command line}
     intx CICompilerCount                          = 4                                         {product} {ergonomic}
    uintx GCTimeRatio                              = 4                                         {product} {command line}
     bool HeapDumpOnOutOfMemoryError               = true                                   {manageable} {command line}
    ccstr HeapDumpPath                             = c:\Users\Luigi\AppData\Roaming\Cursor\User\workspaceStorage\56a197128c4981142545aa649b33ebe0\redhat.java         {manageable} {command line}
   size_t InitialHeapSize                          = 104857600                                 {product} {command line}
   size_t MaxHeapSize                              = 2147483648                                {product} {command line}
   size_t MaxNewSize                               = 715653120                                 {product} {ergonomic}
   size_t MinHeapDeltaBytes                        = 524288                                    {product} {ergonomic}
   size_t MinHeapSize                              = 104857600                                 {product} {command line}
   size_t NewSize                                  = 34603008                                  {product} {ergonomic}
    uintx NonNMethodCodeHeapSize                   = 5839372                                {pd product} {ergonomic}
    uintx NonProfiledCodeHeapSize                  = 122909434                              {pd product} {ergonomic}
   size_t OldSize                                  = 70254592                                  {product} {ergonomic}
    uintx ProfiledCodeHeapSize                     = 122909434                              {pd product} {ergonomic}
    uintx ReservedCodeCacheSize                    = 251658240                              {pd product} {ergonomic}
     bool SegmentedCodeCache                       = true                                      {product} {ergonomic}
   size_t SoftMaxHeapSize                          = 2147483648                             {manageable} {ergonomic}
     bool UseCompressedOops                        = true                           {product lp64_product} {ergonomic}
     bool UseLargePagesIndividualAllocation        = false                                  {pd product} {ergonomic}
     bool UseParallelGC                            = true                                      {product} {command line}

Logging:
Log output configuration:
 #0: stdout all=off uptime,level,tags foldmultilines=false
 #1: stderr all=off uptime,level,tags foldmultilines=false

Release file:
JAVA_VERSION="21.0.11" 
MODULES="java.base java.compiler java.datatransfer java.xml java.prefs java.desktop java.instrument java.logging java.management java.security.sasl java.naming java.rmi java.management.rmi java.net.http java.scripting java.security.jgss java.transaction.xa java.sql java.sql.rowset java.xml.crypto java.se java.smartcardio jdk.accessibility jdk.internal.jvmstat jdk.attach jdk.charsets jdk.internal.opt jdk.zipfs jdk.compiler jdk.crypto.ec jdk.crypto.cryptoki jdk.crypto.mscapi jdk.dynalink jdk.internal.ed jdk.editpad jdk.hotspot.agent jdk.httpserver jdk.internal.le jdk.internal.vm.ci jdk.internal.vm.compiler jdk.internal.vm.compiler.management jdk.jartool jdk.javadoc jdk.jcmd jdk.management jdk.management.agent jdk.jconsole jdk.jdeps jdk.jdwp.agent jdk.jdi jdk.jfr jdk.jshell jdk.jsobject jdk.jstatd jdk.localedata jdk.management.jfr jdk.naming.dns jdk.naming.rmi jdk.net jdk.nio.mapmode jdk.random jdk.sctp jdk.security.auth jdk.security.jgss jdk.unsupported jdk.unsupported.desktop jdk.xml.dom" 

Environment Variables:
PATH=C:\Python312\Scripts\;C:\Python312\;C:\Program Files\Common Files\Oracle\Java\javapath;C:\Program Files (x86)\Common Files\Oracle\Java\java8path;C:\Program Files (x86)\Common Files\Oracle\Java\javapath;C:\Windows\system32;C:\Windows;C:\Windows\System32\Wbem;C:\Windows\System32\WindowsPowerShell\v1.0\;C:\Windows\System32\OpenSSH\;C:\Program Files (x86)\NVIDIA Corporation\PhysX\Common;C:\Program Files\dotnet\;C:\Program Files\Git\cmd;C:\MinGW\bin;;C:\WINDOWS\system32;C:\WINDOWS;C:\WINDOWS\System32\Wbem;C:\WINDOWS\System32\WindowsPowerShell\v1.0\;C:\WINDOWS\System32\OpenSSH\;C:\Program Files\nodejs\;C:\ProgramData\chocolatey\bin;c:\Users\Luigi\AppData\Local\Programs\cursor\resources\app\bin;c:\Users\Luigi\AppData\Local\Programs\cursor\resources\app\bin;C:\Program Files\cursor\resources\app\bin;C:\Program Files\NVIDIA Corporation\NVIDIA App\NvDLISR;C:\Program Files\MySQL\MySQL Shell 8.0\bin\;C:\Users\Luigi\AppData\Local\Microsoft\WindowsApps;;C:\Users\Luigi\AppData\Local\Programs\Microsoft VS Code\bin;C:\Users\Luigi\AppData\Roaming\npm
USERNAME=Luigi
OS=Windows_NT
PROCESSOR_IDENTIFIER=Intel64 Family 6 Model 141 Stepping 1, GenuineIntel
TMP=C:\Users\Luigi\AppData\Local\Temp
TEMP=C:\Users\Luigi\AppData\Local\Temp




Periodic native trim disabled

---------------  S Y S T E M  ---------------

OS:
 Windows 11 , 64 bit Build 26100 (10.0.26100.8875)
OS uptime: 0 days 4:23 hours
Hyper-V role detected

CPU: total 12 (initial active 12) (6 cores per cpu, 2 threads per core) family 6 model 141 stepping 1 microcode 0x3c, cx8, cmov, fxsr, ht, mmx, 3dnowpref, sse, sse2, sse3, ssse3, sse4.1, sse4.2, popcnt, lzcnt, tsc, tscinvbit, avx, avx2, aes, erms, clmul, bmi1, bmi2, adx, avx512f, avx512dq, avx512cd, avx512bw, avx512vl, sha, fma, vzeroupper, avx512_vpopcntdq, avx512_vpclmulqdq, avx512_vaes, avx512_vnni, clflush, clflushopt, clwb, avx512_vbmi2, avx512_vbmi, hv, rdtscp, rdpid, fsrm, gfni, avx512_bitalg, f16c, cet_ibt, cet_ss, avx512_ifma
Processor Information for the first 12 processors :
  Max Mhz: 2688, Current Mhz: 2688, Mhz Limit: 2688

Memory: 4k page, system-wide physical 32531M (14676M free)
TotalPageFile size 34579M (AvailPageFile size 11383M)
current process WorkingSet (physical memory assigned to process): 144M, peak: 146M
current process commit charge ("private bytes"): 283M, peak: 287M

vm_info: OpenJDK 64-Bit Server VM (21.0.11+10-LTS) for windows-amd64 JRE (21.0.11+10-LTS), built on 2026-04-21T00:00:00Z by "admin" with MS VC++ 17.12 (VS2022)

END.
