#
# A fatal error has been detected by the Java Runtime Environment:
#
#  EXCEPTION_ACCESS_VIOLATION (0xc0000005) at pc=0x00007ff8f4f23ce0, pid=23956, tid=20760
#
# JRE version: OpenJDK Runtime Environment Temurin-21.0.11+10 (21.0.11+10) (build 21.0.11+10-LTS)
# Java VM: OpenJDK 64-Bit Server VM Temurin-21.0.11+10 (21.0.11+10-LTS, mixed mode, sharing, tiered, compressed oops, compressed class ptrs, parallel gc, windows-amd64)
# Problematic frame:
# V  [jvm.dll+0x3c3ce0]
#
# No core dump will be written. Minidumps are not enabled by default on client versions of Windows
#
# If you would like to submit a bug report, please visit:
#   https://github.com/adoptium/adoptium-support/issues
#

---------------  S U M M A R Y ------------

Command Line: --add-modules=ALL-SYSTEM --add-opens=java.base/java.util=ALL-UNNAMED --add-opens=java.base/java.lang=ALL-UNNAMED --add-opens=java.base/sun.nio.fs=ALL-UNNAMED -Declipse.application=org.eclipse.jdt.ls.core.id1 -Dosgi.bundles.defaultStartLevel=4 -Declipse.product=org.eclipse.jdt.ls.core.product -Djava.import.generatesMetadataFilesAtProjectRoot=false -DDetectVMInstallationsJob.disabled=true -Dfile.encoding=utf8 -XX:+UseParallelGC -XX:GCTimeRatio=4 -XX:AdaptiveSizePolicyWeight=90 -Dsun.zip.disableMemoryMapping=true -Xmx2G -Xms100m -Xlog:disable -javaagent:c:\Users\Luigi\.cursor\extensions\redhat.java-1.55.0-win32-x64\lombok\lombok-1.18.39-4050.jar -XX:+HeapDumpOnOutOfMemoryError -XX:HeapDumpPath=c:\Users\Luigi\AppData\Roaming\Cursor\User\workspaceStorage\56a197128c4981142545aa649b33ebe0\redhat.java -Daether.dependencyCollector.impl=bf c:\Users\Luigi\.cursor\extensions\redhat.java-1.55.0-win32-x64\server\plugins\org.eclipse.equinox.launcher_1.7.200.v20260619-2039.jar -configuration c:\Users\Luigi\AppData\Roaming\Cursor\User\globalStorage\redhat.java\1.55.0\config_win -data c:\Users\Luigi\AppData\Roaming\Cursor\User\workspaceStorage\56a197128c4981142545aa649b33ebe0\redhat.java\jdt_ws --pipe=\\.\pipe\lsp-e64aaf026383873fb855011fab3f8837-sock

Host: 11th Gen Intel(R) Core(TM) i5-11400H @ 2.70GHz, 12 cores, 31G,  Windows 11 , 64 bit Build 26100 (10.0.26100.8875)
Time: Wed Jul 29 16:16:28 2026 Hora oficial do Brasil elapsed time: 9.395568 seconds (0d 0h 0m 9s)

---------------  T H R E A D  ---------------

Current thread (0x00000248fd2fd440):  JavaThread "C2 CompilerThread0" daemon [_thread_in_native, id=20760, stack(0x0000006754300000,0x0000006754400000) (1024K)]


Current CompileTask:
C2:9395 11051   !   4       org.codehaus.plexus.interpolation.StringSearchInterpolator::interpolate (692 bytes)

Stack: [0x0000006754300000,0x0000006754400000],  sp=0x00000067543fcee0,  free space=1011k
Native frames: (J=compiled Java code, j=interpreted, Vv=VM code, C=native code)
V  [jvm.dll+0x3c3ce0]
V  [jvm.dll+0x3bd1b8]
V  [jvm.dll+0x1e4190]
V  [jvm.dll+0x24c853]
V  [jvm.dll+0x24bce0]
V  [jvm.dll+0x1cb4ae]
V  [jvm.dll+0x25baad]
V  [jvm.dll+0x25a03a]
V  [jvm.dll+0x3f868e]
V  [jvm.dll+0x85fb0d]
V  [jvm.dll+0x6d664d]
C  [ucrtbase.dll+0x2cd30]
C  [KERNEL32.DLL+0x2e957]
C  [ntdll.dll+0xaad6c]


siginfo: EXCEPTION_ACCESS_VIOLATION (0xc0000005), reading address 0xffffffffffffffff


Registers:
RAX=0x0000000000000000, RBX=0x00000067543fcf30, RCX=0x0000000000000000, RDX=0x0000000000000004
RSP=0x00000067543fcee0, RBP=0x00000067543fd050, RSI=0x00007ff8f5807580, RDI=0x0000000000000011
R8 =0x10007ff8f5807580, R9 =0x00000248f00dc240, R10=0x00000000000009ad, R11=0x0000000000000003
R12=0x0000000000000000, R13=0x00000248e0db4160, R14=0x0000000000001cd8, R15=0x0000000000000021
RIP=0x00007ff8f4f23ce0, EFLAGS=0x0000000000010246

XMM[0]=0x0000000000000000 0x0000000000000000
XMM[1]=0x0000000000000000 0x0000000000000000
XMM[2]=0x0000000000000000 0x0000000000000000
XMM[3]=0x0000000000000000 0x0000000000000000
XMM[4]=0x0000000000000000 0x0000000000000000
XMM[5]=0x0000000000000000 0x0000000000000000
XMM[6]=0x0000000000000000 0x0000000000000000
XMM[7]=0x0000000000000000 0x0000000000000000
XMM[8]=0x0000000000000000 0x0000000000000000
XMM[9]=0x0000000000000000 0x0000000000000000
XMM[10]=0x0000000000000000 0x0000000000000000
XMM[11]=0x0000000000000000 0x0000000000000000
XMM[12]=0x0000000000000000 0x0000000000000000
XMM[13]=0x0000000000000000 0x0000000000000000
XMM[14]=0x0000000000000000 0x0000000000000000
XMM[15]=0x0000000000000000 0x0000000000000000
  MXCSR=0x00001fa0


Register to memory mapping:

RAX=0x0 is null
RBX=0x00000067543fcf30 is pointing into the stack for thread: 0x00000248fd2fd440
RCX=0x0 is null
RDX=0x0000000000000004 is an unknown value
RSP=0x00000067543fcee0 is pointing into the stack for thread: 0x00000248fd2fd440
RBP=0x00000067543fd050 is pointing into the stack for thread: 0x00000248fd2fd440
RSI=0x00007ff8f5807580 jvm.dll
RDI=0x0000000000000011 is an unknown value
R8 =0x10007ff8f5807580 is an unknown value
R9 =0x00000248f00dc240 points into unknown readable memory: 0x0000000000000000 | 00 00 00 00 00 00 00 00
R10=0x00000000000009ad is an unknown value
R11=0x0000000000000003 is an unknown value
R12=0x0 is null
R13=0x00000248e0db4160 points into unknown readable memory: 0x0000000800000002 | 02 00 00 00 08 00 00 00
R14=0x0000000000001cd8 is an unknown value
R15=0x0000000000000021 is an unknown value

Top of Stack: (sp=0x00000067543fcee0)
0x00000067543fcee0:   000002489632bd00 00000248e1605f00   ..2.H...._`.H...
0x00000067543fcef0:   00000248e1615fc0 00007ff8f55a3ff8   ._a.H....?Z.....
0x00000067543fcf00:   0000000000000010 00007ff8f4f1d1b8   ................
0x00000067543fcf10:   0000000000000002 000000000000000a   ................
0x00000067543fcf20:   000002489632bd00 0000000000000000   ..2.H...........
0x00000067543fcf30:   0000000000000000 00000003000009ad   ................
0x00000067543fcf40:   000000260000000a 10007ff8f5807580   ....&....u......
0x00000067543fcf50:   00000248f18b6680 00000248e0334750   .f..H...PG3.H...
0x00000067543fcf60:   00000067543fd4d0 0000000000000000   ..?Tg...........
0x00000067543fcf70:   00000067543fd080 00007ff8f4d44190   ..?Tg....A......
0x00000067543fcf80:   00000067543fd3f0 00000067543fd400   ..?Tg.....?Tg...
0x00000067543fcf90:   00000067543fe8a0 00000248e0db4150   ..?Tg...PA..H...
0x00000067543fcfa0:   00007ff9e9349800 0000cb43e66d24bf   ..4......$m.C...
0x00000067543fcfb0:   0000000000000007 00000248e0db4150   ........PA..H...
0x00000067543fcfc0:   00000248e7e98590 00000248e7e9b240   ....H...@...H...
0x00000067543fcfd0:   00000248e7ea0578 00000000008e76f8   x...H....v......
0x00000067543fcfe0:   00000248e0db4150 00007ff9e92150d9   PA..H....P!.....
0x00000067543fcff0:   0000000000000000 0000000000000000   ................
0x00000067543fd000:   000002489632bd00 3fd0c83f00000000   ..2.H.......?..?
0x00000067543fd010:   0000000000008d48 00007ff8f556d2a0   H.........V.....
0x00000067543fd020:   0000000000000000 00000067543fe8a0   ..........?Tg...
0x00000067543fd030:   0000000000000000 00007ff8f556d2a0   ..........V.....
0x00000067543fd040:   0000000000008d00 00007ff8f4c2682e   .........h......
0x00000067543fd050:   000000000000000c 00000067543fe8a0   ..........?Tg...
0x00000067543fd060:   00000248e0214050 000002489632bd01   P@!.H.....2.H...
0x00000067543fd070:   00000248e5892050 000002480000253e   P ..H...>%..H...
0x00000067543fd080:   00000067543fcfb0 00000248e0db4160   ..?Tg...`A..H...
0x00000067543fd090:   00007ff8f556d270 000002480000000d   p.V.........H...
0x00000067543fd0a0:   00000067543fe8a0 00000067543fd3f0   ..?Tg.....?Tg...
0x00000067543fd0b0:   0000024800002941 000000000000a508   A)..H...........
0x00000067543fd0c0:   000002480000000a 00000067543fe8a0   ....H.....?Tg...
0x00000067543fd0d0:   00000248e7bfd290 0000000000000000   ....H...........

Instructions: (pc=0x00007ff8f4f23ce0)
0x00007ff8f4f23be0:   04 2e 48 8b 88 68 06 00 00 48 8b b1 80 00 00 00
0x00007ff8f4f23bf0:   48 8b 8e d8 08 00 00 48 85 c9 75 0c e8 2f 0b 00
0x00007ff8f4f23c00:   00 48 8b 8e d8 08 00 00 48 8b 01 0f 57 c0 48 89
0x00007ff8f4f23c10:   86 d8 08 00 00 0f 11 01 0f 11 41 10 0f 10 45 00
0x00007ff8f4f23c20:   0f 11 01 0f 10 4d 10 0f 11 49 10 48 8b 43 08 49
0x00007ff8f4f23c30:   89 0c 06 48 8d 0d 46 39 8e 00 ff c7 ba 70 00 00
0x00007ff8f4f23c40:   00 3b bb 90 00 00 00 0f 82 63 ff ff ff 4c 8b 74
0x00007ff8f4f23c50:   24 60 4c 8b 64 24 58 48 8b 6c 24 50 48 8b c3 48
0x00007ff8f4f23c60:   83 c4 20 41 5f 41 5d 5f 5e 5b c3 cc cc cc cc cc
0x00007ff8f4f23c70:   40 53 48 83 ec 20 8b 51 0c 48 8b d9 83 fa 04 73
0x00007ff8f4f23c80:   26 4c 8b 49 18 66 66 66 0f 1f 84 00 00 00 00 00
0x00007ff8f4f23c90:   8b c2 8d 4a 01 49 83 3c c1 00 4d 8d 04 c1 75 7e
0x00007ff8f4f23ca0:   8b d1 83 f9 04 72 e9 48 89 74 24 30 48 89 7c 24
0x00007ff8f4f23cb0:   38 8b 7b 10 3b 7b 14 73 53 48 8d 35 c0 38 8e 00
0x00007ff8f4f23cc0:   48 8b 43 20 8b cf 4c 8b 04 c8 4c 3b c6 74 36 33
0x00007ff8f4f23cd0:   c0 4c 89 43 18 33 c9 66 0f 1f 84 00 00 00 00 00
0x00007ff8f4f23ce0:   4a 83 3c 01 00 8d 50 01 75 65 48 83 c1 08 8b c2
0x00007ff8f4f23cf0:   83 fa 04 72 eb 48 8b 4b 28 48 85 c9 74 07 8b d7
0x00007ff8f4f23d00:   e8 5b 01 00 00 ff c7 3b 7b 14 72 b4 48 8b 74 24
0x00007ff8f4f23d10:   30 33 c0 48 8b 7c 24 38 48 83 c4 20 5b c3 8b 43
0x00007ff8f4f23d20:   10 8d 04 82 c1 e0 06 2d 00 01 00 00 89 43 08 4d
0x00007ff8f4f23d30:   8b 00 49 0f bc d0 89 4b 0c 8b ca 49 d3 e8 49 ff
0x00007ff8f4f23d40:   c8 03 c2 4c 89 03 89 43 08 48 83 c4 20 5b c3 48
0x00007ff8f4f23d50:   8b 74 24 30 44 8d 0c b8 8b c8 41 c1 e1 06 44 89
0x00007ff8f4f23d60:   4b 08 4d 8b 04 c8 8d 4f 01 48 8b 7c 24 38 89 53
0x00007ff8f4f23d70:   0c 49 0f bc d0 89 4b 10 8b ca 49 d3 e8 49 ff c8
0x00007ff8f4f23d80:   44 03 ca 4c 89 03 44 89 4b 08 41 8b c1 48 83 c4
0x00007ff8f4f23d90:   20 5b c3 cc cc cc cc cc cc cc cc cc cc cc cc cc
0x00007ff8f4f23da0:   40 53 48 83 ec 20 65 48 8b 04 25 58 00 00 00 8b
0x00007ff8f4f23db0:   0d f3 b7 92 00 48 8b 1c c8 b8 70 00 00 00 80 3c
0x00007ff8f4f23dc0:   18 00 75 05 e8 77 08 59 00 b8 20 00 00 00 48 8b
0x00007ff8f4f23dd0:   04 18 48 8b 88 68 06 00 00 48 8b 99 80 00 00 00


Stack slot to memory mapping:

stack at sp + 0 slots: 0x000002489632bd00 points into unknown readable memory: 0x00000248fd23f407 | 07 f4 23 fd 48 02 00 00
stack at sp + 1 slots: 0x00000248e1605f00 points into unknown readable memory: 0x00000248e0e78ac0 | c0 8a e7 e0 48 02 00 00
stack at sp + 2 slots: 0x00000248e1615fc0 points into unknown readable memory: 0x0000000000000000 | 00 00 00 00 00 00 00 00
stack at sp + 3 slots: 0x00007ff8f55a3ff8 jvm.dll
stack at sp + 4 slots: 0x0000000000000010 is an unknown value
stack at sp + 5 slots: 0x00007ff8f4f1d1b8 jvm.dll
stack at sp + 6 slots: 0x0000000000000002 is an unknown value
stack at sp + 7 slots: 0x000000000000000a is an unknown value


---------------  P R O C E S S  ---------------

Threads class SMR info:
_java_thread_list=0x00000248e98c4470, length=87, elements={
0x00000248fd23f480, 0x000002489633e800, 0x00000248fd2e04c0, 0x00000248fd2e8200,
0x00000248fd2e8e60, 0x00000248fd2eeda0, 0x00000248fd2f6760, 0x00000248fd2fd440,
0x00000248fd2fdaf0, 0x00000248d8a5e880, 0x00000248d8b89840, 0x00000248d9d84ec0,
0x00000248de1b67e0, 0x00000248de1d4a90, 0x00000248d9d586e0, 0x00000248de7186e0,
0x00000248d89a8c50, 0x00000248dea84690, 0x00000248deaf2f80, 0x00000248de798f70,
0x00000248de626df0, 0x00000248de629550, 0x00000248de626760, 0x00000248de628ec0,
0x00000248de627b10, 0x00000248e08d33d0, 0x00000248e08d2020, 0x00000248e08d05e0,
0x00000248e08d26b0, 0x00000248e08d2d40, 0x00000248e08d3a60, 0x00000248e08d40f0,
0x00000248e08d0c70, 0x00000248e08d4780, 0x00000248e08d1300, 0x00000248e08d4e10,
0x00000248e08d1990, 0x00000248e08d7570, 0x00000248e08d7c00, 0x00000248e08d54a0,
0x00000248e08d5b30, 0x00000248e08d61c0, 0x00000248e08d6850, 0x00000248e08d6ee0,
0x00000248dfa285d0, 0x00000248dfa2a010, 0x00000248dfa292f0, 0x00000248dfa29980,
0x00000248dfa2c0e0, 0x00000248dfa28c60, 0x00000248dfa2d490, 0x00000248dfa2b3c0,
0x00000248dfa2ce00, 0x00000248dfa2db20, 0x00000248dfa2e1b0, 0x00000248dfa2e840,
0x00000248dfa2f560, 0x00000248dfa2eed0, 0x00000248dfa2fbf0, 0x00000248e0ebb000,
0x00000248e0ebb690, 0x00000248e0eba2e0, 0x00000248e0eb9c50, 0x00000248e0eb8f30,
0x00000248e0eba970, 0x00000248e0ebbd20, 0x00000248e0ebc3b0, 0x00000248e0ebca40,
0x00000248e0eb95c0, 0x00000248e0ebfec0, 0x00000248e0ebeb10, 0x00000248e0ebf830,
0x00000248e0ebf1a0, 0x00000248e0ec0550, 0x00000248e0ebd0d0, 0x00000248e0ebd760,
0x00000248e7413d50, 0x00000248e7415790, 0x00000248e7412310, 0x00000248e7415100,
0x00000248e7413030, 0x00000248e7415e20, 0x00000248e74129a0, 0x00000248e74164b0,
0x00000248e74136c0, 0x00000248e7417860, 0x00000248e7416b40
}

Java Threads: ( => current thread )
  0x00000248fd23f480 JavaThread "main"                              [_thread_blocked, id=24012, stack(0x0000006753900000,0x0000006753a00000) (1024K)]
  0x000002489633e800 JavaThread "Reference Handler"          daemon [_thread_blocked, id=19940, stack(0x0000006753d00000,0x0000006753e00000) (1024K)]
  0x00000248fd2e04c0 JavaThread "Finalizer"                  daemon [_thread_blocked, id=14148, stack(0x0000006753e00000,0x0000006753f00000) (1024K)]
  0x00000248fd2e8200 JavaThread "Signal Dispatcher"          daemon [_thread_blocked, id=19400, stack(0x0000006753f00000,0x0000006754000000) (1024K)]
  0x00000248fd2e8e60 JavaThread "Attach Listener"            daemon [_thread_blocked, id=16944, stack(0x0000006754000000,0x0000006754100000) (1024K)]
  0x00000248fd2eeda0 JavaThread "Service Thread"             daemon [_thread_blocked, id=17284, stack(0x0000006754100000,0x0000006754200000) (1024K)]
  0x00000248fd2f6760 JavaThread "Monitor Deflation Thread"   daemon [_thread_blocked, id=23840, stack(0x0000006754200000,0x0000006754300000) (1024K)]
=>0x00000248fd2fd440 JavaThread "C2 CompilerThread0"         daemon [_thread_in_native, id=20760, stack(0x0000006754300000,0x0000006754400000) (1024K)]
  0x00000248fd2fdaf0 JavaThread "C1 CompilerThread0"         daemon [_thread_blocked, id=24316, stack(0x0000006754400000,0x0000006754500000) (1024K)]
  0x00000248d8a5e880 JavaThread "Common-Cleaner"             daemon [_thread_blocked, id=22260, stack(0x0000006754600000,0x0000006754700000) (1024K)]
  0x00000248d8b89840 JavaThread "Notification Thread"        daemon [_thread_blocked, id=24464, stack(0x0000006754700000,0x0000006754800000) (1024K)]
  0x00000248d9d84ec0 JavaThread "Active Thread: Equinox Container: 2808ffa4-dfc1-4700-9e6d-ddc97642a991"        [_thread_blocked, id=21392, stack(0x0000006754f00000,0x0000006755000000) (1024K)]
  0x00000248de1b67e0 JavaThread "Refresh Thread: Equinox Container: 2808ffa4-dfc1-4700-9e6d-ddc97642a991" daemon [_thread_blocked, id=23860, stack(0x0000006755100000,0x0000006755200000) (1024K)]
  0x00000248de1d4a90 JavaThread "Framework Event Dispatcher: Equinox Container: 2808ffa4-dfc1-4700-9e6d-ddc97642a991" daemon [_thread_blocked, id=21620, stack(0x0000006755200000,0x0000006755300000) (1024K)]
  0x00000248d9d586e0 JavaThread "Start Level: Equinox Container: 2808ffa4-dfc1-4700-9e6d-ddc97642a991" daemon [_thread_blocked, id=6020, stack(0x0000006755300000,0x0000006755400000) (1024K)]
  0x00000248de7186e0 JavaThread "Bundle File Closer"         daemon [_thread_blocked, id=21468, stack(0x0000006755600000,0x0000006755700000) (1024K)]
  0x00000248d89a8c50 JavaThread "SCR Component Actor"        daemon [_thread_blocked, id=20348, stack(0x0000006754500000,0x0000006754600000) (1024K)]
  0x00000248dea84690 JavaThread "C2 CompilerThread1"         daemon [_thread_in_native, id=20180, stack(0x0000006754800000,0x0000006754900000) (1024K)]
  0x00000248deaf2f80 JavaThread "C2 CompilerThread2"         daemon [_thread_in_native, id=23892, stack(0x0000006755700000,0x0000006755800000) (1024K)]
  0x00000248de798f70 JavaThread "Worker-JM"                         [_thread_blocked, id=23668, stack(0x0000006755800000,0x0000006755900000) (1024K)]
  0x00000248de626df0 JavaThread "JNA Cleaner"                daemon [_thread_blocked, id=21628, stack(0x0000006755900000,0x0000006755a00000) (1024K)]
  0x00000248de629550 JavaThread "Worker-0"                          [_thread_blocked, id=23456, stack(0x0000006755a00000,0x0000006755b00000) (1024K)]
  0x00000248de626760 JavaThread "Worker-1: Building"                [_thread_in_vm, id=23844, stack(0x0000006755b00000,0x0000006755c00000) (1024K)]
  0x00000248de628ec0 JavaThread "Worker-2"                          [_thread_blocked, id=22980, stack(0x0000006755c00000,0x0000006755d00000) (1024K)]
  0x00000248de627b10 JavaThread "Java indexing"              daemon [_thread_blocked, id=8248, stack(0x0000006755d00000,0x0000006755e00000) (1024K)]
  0x00000248e08d33d0 JavaThread "Worker-3"                          [_thread_blocked, id=17316, stack(0x0000006755e00000,0x0000006755f00000) (1024K)]
  0x00000248e08d2020 JavaThread "Thread-1"                   daemon [_thread_in_native, id=23568, stack(0x0000006756100000,0x0000006756200000) (1024K)]
  0x00000248e08d05e0 JavaThread "Thread-2"                   daemon [_thread_in_native, id=23268, stack(0x0000006756200000,0x0000006756300000) (1024K)]
  0x00000248e08d26b0 JavaThread "Thread-3"                   daemon [_thread_in_native, id=24532, stack(0x0000006756300000,0x0000006756400000) (1024K)]
  0x00000248e08d2d40 JavaThread "Thread-4"                   daemon [_thread_in_native, id=13344, stack(0x0000006756400000,0x0000006756500000) (1024K)]
  0x00000248e08d3a60 JavaThread "Thread-5"                   daemon [_thread_in_native, id=5136, stack(0x0000006756500000,0x0000006756600000) (1024K)]
  0x00000248e08d40f0 JavaThread "Thread-6"                   daemon [_thread_in_native, id=23812, stack(0x0000006756600000,0x0000006756700000) (1024K)]
  0x00000248e08d0c70 JavaThread "Thread-7"                   daemon [_thread_in_native, id=10644, stack(0x0000006756700000,0x0000006756800000) (1024K)]
  0x00000248e08d4780 JavaThread "Thread-8"                   daemon [_thread_in_native, id=22052, stack(0x0000006756800000,0x0000006756900000) (1024K)]
  0x00000248e08d1300 JavaThread "Thread-9"                   daemon [_thread_in_native, id=1492, stack(0x0000006756900000,0x0000006756a00000) (1024K)]
  0x00000248e08d4e10 JavaThread "Thread-10"                  daemon [_thread_in_native, id=17188, stack(0x0000006756a00000,0x0000006756b00000) (1024K)]
  0x00000248e08d1990 JavaThread "Thread-11"                  daemon [_thread_in_native, id=10056, stack(0x0000006756b00000,0x0000006756c00000) (1024K)]
  0x00000248e08d7570 JavaThread "Thread-12"                  daemon [_thread_in_native, id=21772, stack(0x0000006756c00000,0x0000006756d00000) (1024K)]
  0x00000248e08d7c00 JavaThread "Thread-13"                  daemon [_thread_in_native, id=21352, stack(0x0000006756d00000,0x0000006756e00000) (1024K)]
  0x00000248e08d54a0 JavaThread "pool-2-thread-1"                   [_thread_blocked, id=23744, stack(0x0000006756e00000,0x0000006756f00000) (1024K)]
  0x00000248e08d5b30 JavaThread "WorkspaceEventsHandler"            [_thread_blocked, id=20628, stack(0x0000006756f00000,0x0000006757000000) (1024K)]
  0x00000248e08d61c0 JavaThread "pool-1-thread-1"                   [_thread_blocked, id=8336, stack(0x0000006757000000,0x0000006757100000) (1024K)]
  0x00000248e08d6850 JavaThread "PatternSearchJob-worker-1"  daemon [_thread_blocked, id=21208, stack(0x0000006757100000,0x0000006757200000) (1024K)]
  0x00000248e08d6ee0 JavaThread "PatternSearchJob-worker-2"  daemon [_thread_blocked, id=21284, stack(0x0000006757200000,0x0000006757300000) (1024K)]
  0x00000248dfa285d0 JavaThread "PatternSearchJob-worker-3"  daemon [_thread_blocked, id=17648, stack(0x0000006757300000,0x0000006757400000) (1024K)]
  0x00000248dfa2a010 JavaThread "PatternSearchJob-worker-4"  daemon [_thread_blocked, id=9516, stack(0x0000006757400000,0x0000006757500000) (1024K)]
  0x00000248dfa292f0 JavaThread "PatternSearchJob-worker-5"  daemon [_thread_blocked, id=21692, stack(0x0000006757500000,0x0000006757600000) (1024K)]
  0x00000248dfa29980 JavaThread "PatternSearchJob-worker-6"  daemon [_thread_blocked, id=19520, stack(0x0000006757600000,0x0000006757700000) (1024K)]
  0x00000248dfa2c0e0 JavaThread "PatternSearchJob-worker-7"  daemon [_thread_blocked, id=7364, stack(0x0000006757700000,0x0000006757800000) (1024K)]
  0x00000248dfa28c60 JavaThread "PatternSearchJob-worker-8"  daemon [_thread_blocked, id=23016, stack(0x0000006757800000,0x0000006757900000) (1024K)]
  0x00000248dfa2d490 JavaThread "PatternSearchJob-worker-9"  daemon [_thread_blocked, id=21776, stack(0x0000006757900000,0x0000006757a00000) (1024K)]
  0x00000248dfa2b3c0 JavaThread "PatternSearchJob-worker-10" daemon [_thread_blocked, id=21528, stack(0x0000006757a00000,0x0000006757b00000) (1024K)]
  0x00000248dfa2ce00 JavaThread "PatternSearchJob-worker-11" daemon [_thread_blocked, id=24264, stack(0x0000006757b00000,0x0000006757c00000) (1024K)]
  0x00000248dfa2db20 JavaThread "Worker-4"                          [_thread_blocked, id=11676, stack(0x0000006757c00000,0x0000006757d00000) (1024K)]
  0x00000248dfa2e1b0 JavaThread "LocalFile Deleter"          daemon [_thread_blocked, id=23828, stack(0x0000006757d00000,0x0000006757e00000) (1024K)]
  0x00000248dfa2e840 JavaThread "LocalFile Deleter"          daemon [_thread_blocked, id=23760, stack(0x0000006757e00000,0x0000006757f00000) (1024K)]
  0x00000248dfa2f560 JavaThread "LocalFile Deleter"          daemon [_thread_blocked, id=22804, stack(0x0000006757f00000,0x0000006758000000) (1024K)]
  0x00000248dfa2eed0 JavaThread "LocalFile Deleter"          daemon [_thread_blocked, id=2740, stack(0x0000006758000000,0x0000006758100000) (1024K)]
  0x00000248dfa2fbf0 JavaThread "LocalFile Deleter"          daemon [_thread_blocked, id=21912, stack(0x0000006758100000,0x0000006758200000) (1024K)]
  0x00000248e0ebb000 JavaThread "LocalFile Deleter"          daemon [_thread_blocked, id=17292, stack(0x0000006758200000,0x0000006758300000) (1024K)]
  0x00000248e0ebb690 JavaThread "LocalFile Deleter"          daemon [_thread_blocked, id=20916, stack(0x0000006758300000,0x0000006758400000) (1024K)]
  0x00000248e0eba2e0 JavaThread "LocalFile Deleter"          daemon [_thread_blocked, id=22352, stack(0x0000006758400000,0x0000006758500000) (1024K)]
  0x00000248e0eb9c50 JavaThread "LocalFile Deleter"          daemon [_thread_blocked, id=21672, stack(0x0000006758500000,0x0000006758600000) (1024K)]
  0x00000248e0eb8f30 JavaThread "LocalFile Deleter"          daemon [_thread_blocked, id=24348, stack(0x0000006758600000,0x0000006758700000) (1024K)]
  0x00000248e0eba970 JavaThread "LocalFile Deleter"          daemon [_thread_blocked, id=23036, stack(0x0000006758700000,0x0000006758800000) (1024K)]
  0x00000248e0ebbd20 JavaThread "LocalFile Deleter"          daemon [_thread_blocked, id=6932, stack(0x0000006758800000,0x0000006758900000) (1024K)]
  0x00000248e0ebc3b0 JavaThread "Compiler Source File Reader" daemon [_thread_blocked, id=22908, stack(0x0000006758900000,0x0000006758a00000) (1024K)]
  0x00000248e0ebca40 JavaThread "Compiler Source File Reader" daemon [_thread_blocked, id=22888, stack(0x0000006758a00000,0x0000006758b00000) (1024K)]
  0x00000248e0eb95c0 JavaThread "Compiler Source File Reader" daemon [_thread_blocked, id=22896, stack(0x0000006758b00000,0x0000006758c00000) (1024K)]
  0x00000248e0ebfec0 JavaThread "Compiler Source File Reader" daemon [_thread_blocked, id=16276, stack(0x0000006758c00000,0x0000006758d00000) (1024K)]
  0x00000248e0ebeb10 JavaThread "Compiler Source File Reader" daemon [_thread_blocked, id=22096, stack(0x0000006758d00000,0x0000006758e00000) (1024K)]
  0x00000248e0ebf830 JavaThread "Compiler Source File Reader" daemon [_thread_blocked, id=6656, stack(0x0000006758e00000,0x0000006758f00000) (1024K)]
  0x00000248e0ebf1a0 JavaThread "Compiler Source File Reader" daemon [_thread_blocked, id=20028, stack(0x0000006758f00000,0x0000006759000000) (1024K)]
  0x00000248e0ec0550 JavaThread "Compiler Source File Reader" daemon [_thread_blocked, id=22776, stack(0x0000006759000000,0x0000006759100000) (1024K)]
  0x00000248e0ebd0d0 JavaThread "Compiler Source File Reader" daemon [_thread_blocked, id=11904, stack(0x0000006759100000,0x0000006759200000) (1024K)]
  0x00000248e0ebd760 JavaThread "Compiler Source File Reader" daemon [_thread_blocked, id=13464, stack(0x0000006759200000,0x0000006759300000) (1024K)]
  0x00000248e7413d50 JavaThread "Compiler Processing Task"   daemon [_thread_blocked, id=12532, stack(0x0000006759300000,0x0000006759400000) (1024K)]
  0x00000248e7415790 JavaThread "Compiler Class File Writer" daemon [_thread_blocked, id=23832, stack(0x0000006759400000,0x0000006759500000) (1024K)]
  0x00000248e7412310 JavaThread "Compiler Class File Writer" daemon [_thread_blocked, id=20912, stack(0x0000006759500000,0x0000006759600000) (1024K)]
  0x00000248e7415100 JavaThread "Compiler Class File Writer" daemon [_thread_blocked, id=19436, stack(0x0000006759600000,0x0000006759700000) (1024K)]
  0x00000248e7413030 JavaThread "Compiler Class File Writer" daemon [_thread_blocked, id=22984, stack(0x0000006759700000,0x0000006759800000) (1024K)]
  0x00000248e7415e20 JavaThread "Compiler Class File Writer" daemon [_thread_blocked, id=17360, stack(0x0000006759800000,0x0000006759900000) (1024K)]
  0x00000248e74129a0 JavaThread "Compiler Class File Writer" daemon [_thread_blocked, id=20516, stack(0x0000006759900000,0x0000006759a00000) (1024K)]
  0x00000248e74164b0 JavaThread "Compiler Class File Writer" daemon [_thread_blocked, id=3188, stack(0x0000006759a00000,0x0000006759b00000) (1024K)]
  0x00000248e74136c0 JavaThread "Compiler Class File Writer" daemon [_thread_blocked, id=22868, stack(0x0000006759b00000,0x0000006759c00000) (1024K)]
  0x00000248e7417860 JavaThread "Compiler Class File Writer" daemon [_thread_blocked, id=23244, stack(0x0000006759c00000,0x0000006759d00000) (1024K)]
  0x00000248e7416b40 JavaThread "Compiler Class File Writer" daemon [_thread_blocked, id=22964, stack(0x0000006759d00000,0x0000006759e00000) (1024K)]
Total: 87

Other Threads:
  0x00000248d87b0090 VMThread "VM Thread"                           [id=23640, stack(0x0000006753c00000,0x0000006753d00000) (1024K)]
  0x000002489621c670 WatcherThread "VM Periodic Task Thread"        [id=23260, stack(0x0000006753b00000,0x0000006753c00000) (1024K)]
  0x00000248fd25de00 WorkerThread "GC Thread#0"                     [id=21880, stack(0x0000006753a00000,0x0000006753b00000) (1024K)]
  0x00000248d9de1290 WorkerThread "GC Thread#1"                     [id=21584, stack(0x0000006754900000,0x0000006754a00000) (1024K)]
  0x00000248d9af6d80 WorkerThread "GC Thread#2"                     [id=24060, stack(0x0000006754a00000,0x0000006754b00000) (1024K)]
  0x00000248d9dd0900 WorkerThread "GC Thread#3"                     [id=22992, stack(0x0000006754b00000,0x0000006754c00000) (1024K)]
  0x00000248d9dd0cb0 WorkerThread "GC Thread#4"                     [id=20396, stack(0x0000006754c00000,0x0000006754d00000) (1024K)]
  0x00000248d9777440 WorkerThread "GC Thread#5"                     [id=12412, stack(0x0000006754d00000,0x0000006754e00000) (1024K)]
  0x00000248d97777f0 WorkerThread "GC Thread#6"                     [id=15032, stack(0x0000006754e00000,0x0000006754f00000) (1024K)]
  0x00000248d99d79f0 WorkerThread "GC Thread#7"                     [id=17512, stack(0x0000006755000000,0x0000006755100000) (1024K)]
  0x00000248d99d6ee0 WorkerThread "GC Thread#8"                     [id=20900, stack(0x0000006755400000,0x0000006755500000) (1024K)]
  0x00000248d99d8150 WorkerThread "GC Thread#9"                     [id=20712, stack(0x0000006755500000,0x0000006755600000) (1024K)]
Total: 12

Threads with active compile tasks:
C2 CompilerThread0  9435 11051   !   4       org.codehaus.plexus.interpolation.StringSearchInterpolator::interpolate (692 bytes)
C2 CompilerThread1  9435 11493       4       org.codehaus.plexus.util.xml.pull.MXParser::parseAttribute (1438 bytes)
C2 CompilerThread2  9435 11536       4       org.apache.maven.model.merge.ModelMerger::merge (74 bytes)
Total: 3

VM state: not at safepoint (normal execution)

VM Mutex/Monitor currently owned by a thread: None

Heap address: 0x0000000080000000, size: 2048 MB, Compressed Oops mode: 32-bit

CDS archive(s) mapped at: [0x0000024897000000-0x0000024897ba0000-0x0000024897ba0000), size 12189696, SharedBaseAddress: 0x0000024897000000, ArchiveRelocationMode: 1.
Compressed class space mapped at: 0x0000024898000000-0x00000248d8000000, reserved size: 1073741824
Narrow klass base: 0x0000024897000000, Narrow klass shift: 0, Narrow klass range: 0x100000000

GC Precious Log:
 CardTable entry size: 512
 CPUs: 12 total, 12 available
 Memory: 32531M
 Large Page Support: Disabled
 NUMA Support: Disabled
 Compressed Oops: Enabled (32-bit)
 Alignments: Space 512K, Generation 512K, Heap 2M
 Heap Min Capacity: 100M
 Heap Initial Capacity: 100M
 Heap Max Capacity: 2G
 Pre-touch: Disabled
 Parallel Workers: 10

Heap:
 PSYoungGen      total 17408K, used 10409K [0x00000000d5580000, 0x00000000d6880000, 0x0000000100000000)
  eden space 16384K, 57% used [0x00000000d5580000,0x00000000d5ec2718,0x00000000d6580000)
  from space 1024K, 90% used [0x00000000d6780000,0x00000000d6868000,0x00000000d6880000)
  to   space 1536K, 0% used [0x00000000d6580000,0x00000000d6580000,0x00000000d6700000)
 ParOldGen       total 74240K, used 63966K [0x0000000080000000, 0x0000000084880000, 0x00000000d5580000)
  object space 74240K, 86% used [0x0000000080000000,0x0000000083e77928,0x0000000084880000)
 Metaspace       used 61242K, committed 62720K, reserved 1114112K
  class space    used 6471K, committed 7104K, reserved 1048576K

Card table byte_map: [0x00000248fcbe0000,0x00000248fcff0000] _byte_map_base: 0x00000248fc7e0000

Marking Bits: (ParMarkBitMap*) 0x00007ff8f5824460
 Begin Bits: [0x0000024892140000, 0x0000024894140000)
 End Bits:   [0x0000024894140000, 0x0000024896140000)

Polling page: 0x00000248fadd0000

Metaspace:

Usage:
  Non-class:     53.49 MB used.
      Class:      6.32 MB used.
       Both:     59.81 MB used.

Virtual space:
  Non-class space:       64.00 MB reserved,      54.31 MB ( 85%) committed,  1 nodes.
      Class space:        1.00 GB reserved,       6.94 MB ( <1%) committed,  1 nodes.
             Both:        1.06 GB reserved,      61.25 MB (  6%) committed. 

Chunk freelists:
   Non-Class:  9.03 MB
       Class:  8.95 MB
        Both:  17.98 MB

MaxMetaspaceSize: unlimited
CompressedClassSpaceSize: 1.00 GB
Initial GC threshold: 21.00 MB
Current GC threshold: 97.31 MB
CDS: on
 - commit_granule_bytes: 65536.
 - commit_granule_words: 8192.
 - virtual_space_node_default_size: 8388608.
 - enlarge_chunks_in_place: 1.
 - use_allocation_guard: 0.


Internal statistics:

num_allocs_failed_limit: 9.
num_arena_births: 1214.
num_arena_deaths: 20.
num_vsnodes_births: 2.
num_vsnodes_deaths: 0.
num_space_committed: 980.
num_space_uncommitted: 0.
num_chunks_returned_to_freelist: 30.
num_chunks_taken_from_freelist: 4094.
num_chunk_merges: 12.
num_chunk_splits: 2518.
num_chunks_enlarged: 1439.
num_inconsistent_stats: 0.

CodeHeap 'non-profiled nmethods': size=120000Kb used=6334Kb max_used=6334Kb free=113665Kb
 bounds [0x000002488ac10000, 0x000002488b240000, 0x0000024892140000]
CodeHeap 'profiled nmethods': size=120000Kb used=23709Kb max_used=23709Kb free=96290Kb
 bounds [0x0000024883140000, 0x0000024884870000, 0x000002488a670000]
CodeHeap 'non-nmethods': size=5760Kb used=1423Kb max_used=1553Kb free=4336Kb
 bounds [0x000002488a670000, 0x000002488a8e0000, 0x000002488ac10000]
CodeCache: size=245760Kb, used=31466Kb, max_used=31596Kb, free=214291Kb
 total_blobs=11481, nmethods=10758, adapters=628, full_count=0
Compilation: enabled, stopped_count=0, restarted_count=0

Compilation events (20 events):
Event: 9.388 Thread 0x00000248deaf2f80 11249       4       org.apache.maven.model.Plugin::getDependencies (23 bytes)
Event: 9.388 Thread 0x00000248fd2fdaf0 11460   !   3       org.eclipse.sisu.inject.DefaultBeanLocator::locate (128 bytes)
Event: 9.389 Thread 0x00000248fd2fdaf0 nmethod 11460 0x0000024884840810 code [0x0000024884840ae0, 0x0000024884841900]
Event: 9.389 Thread 0x00000248fd2fdaf0 11461       3       org.eclipse.sisu.inject.LocatedBeans::<init> (36 bytes)
Event: 9.389 Thread 0x00000248deaf2f80 nmethod 11249 0x000002488b22c390 code [0x000002488b22c520, 0x000002488b22c640]
Event: 9.389 Thread 0x00000248deaf2f80 11214       4       org.eclipse.sisu.wire.EntrySetAdapter$ValueIterator::hasNext (10 bytes)
Event: 9.389 Thread 0x00000248fd2fdaf0 nmethod 11461 0x0000024884841f10 code [0x00000248848420e0, 0x0000024884842348]
Event: 9.389 Thread 0x00000248fd2fdaf0 11462       3       org.eclipse.sisu.inject.QualifyingStrategy::selectFor (54 bytes)
Event: 9.389 Thread 0x00000248deaf2f80 nmethod 11214 0x000002488b22c710 code [0x000002488b22c8a0, 0x000002488b22c950]
Event: 9.389 Thread 0x00000248deaf2f80 11310       4       sun.nio.ch.FileKey::hashCode (42 bytes)
Event: 9.389 Thread 0x00000248fd2fdaf0 nmethod 11462 0x0000024884842490 code [0x00000248848426c0, 0x0000024884842d18]
Event: 9.389 Thread 0x00000248fd2fdaf0 11463   !   3       org.eclipse.sisu.inject.RankedBindings::newBeanCache (38 bytes)
Event: 9.390 Thread 0x00000248deaf2f80 nmethod 11310 0x000002488b22ca10 code [0x000002488b22cba0, 0x000002488b22cc58]
Event: 9.390 Thread 0x00000248deaf2f80 11222       4       java.util.Properties$EntrySet::iterator (10 bytes)
Event: 9.390 Thread 0x00000248fd2fdaf0 nmethod 11463 0x0000024884842f10 code [0x00000248848430e0, 0x00000248848434e0]
Event: 9.390 Thread 0x00000248fd2fdaf0 11464       3       org.eclipse.sisu.inject.BeanCache::<init> (5 bytes)
Event: 9.390 Thread 0x00000248fd2fdaf0 nmethod 11464 0x0000024884843690 code [0x0000024884843840, 0x00000248848439a8]
Event: 9.390 Thread 0x00000248deaf2f80 nmethod 11222 0x000002488b22cd10 code [0x000002488b22cea0, 0x000002488b22cf50]
Event: 9.390 Thread 0x00000248fd2fdaf0 11465       3       org.eclipse.sisu.inject.MildElements::add (66 bytes)
Event: 9.390 Thread 0x00000248deaf2f80 11209       4       org.eclipse.sisu.wire.NamedIterableAdapter$NamedIterator::hasNext (10 bytes)

GC Heap History (20 events):
Event: 8.384 GC heap before
{Heap before GC invocations=52 (full 3):
 PSYoungGen      total 21504K, used 672K [0x00000000d5580000, 0x00000000d6d00000, 0x0000000100000000)
  eden space 16896K, 0% used [0x00000000d5580000,0x00000000d5580000,0x00000000d6600000)
  from space 4608K, 14% used [0x00000000d6600000,0x00000000d66a8000,0x00000000d6a80000)
  to   space 2048K, 0% used [0x00000000d6b00000,0x00000000d6b00000,0x00000000d6d00000)
 ParOldGen       total 74240K, used 73845K [0x0000000080000000, 0x0000000084880000, 0x00000000d5580000)
  object space 74240K, 99% used [0x0000000080000000,0x000000008481d4e0,0x0000000084880000)
 Metaspace       used 58441K, committed 59776K, reserved 1114112K
  class space    used 6232K, committed 6848K, reserved 1048576K
}
Event: 8.484 GC heap after
{Heap after GC invocations=52 (full 3):
 PSYoungGen      total 21504K, used 0K [0x00000000d5580000, 0x00000000d6d00000, 0x0000000100000000)
  eden space 16896K, 0% used [0x00000000d5580000,0x00000000d5580000,0x00000000d6600000)
  from space 4608K, 0% used [0x00000000d6600000,0x00000000d6600000,0x00000000d6a80000)
  to   space 2048K, 0% used [0x00000000d6b00000,0x00000000d6b00000,0x00000000d6d00000)
 ParOldGen       total 74240K, used 54068K [0x0000000080000000, 0x0000000084880000, 0x00000000d5580000)
  object space 74240K, 72% used [0x0000000080000000,0x00000000834cd3f0,0x0000000084880000)
 Metaspace       used 58435K, committed 59776K, reserved 1114112K
  class space    used 6231K, committed 6848K, reserved 1048576K
}
Event: 8.627 GC heap before
{Heap before GC invocations=53 (full 3):
 PSYoungGen      total 21504K, used 16896K [0x00000000d5580000, 0x00000000d6d00000, 0x0000000100000000)
  eden space 16896K, 100% used [0x00000000d5580000,0x00000000d6600000,0x00000000d6600000)
  from space 4608K, 0% used [0x00000000d6600000,0x00000000d6600000,0x00000000d6a80000)
  to   space 2048K, 0% used [0x00000000d6b00000,0x00000000d6b00000,0x00000000d6d00000)
 ParOldGen       total 74240K, used 54068K [0x0000000080000000, 0x0000000084880000, 0x00000000d5580000)
  object space 74240K, 72% used [0x0000000080000000,0x00000000834cd3f0,0x0000000084880000)
 Metaspace       used 58632K, committed 60032K, reserved 1114112K
  class space    used 6253K, committed 6912K, reserved 1048576K
}
Event: 8.629 GC heap after
{Heap after GC invocations=53 (full 3):
 PSYoungGen      total 17920K, used 832K [0x00000000d5580000, 0x00000000d6c00000, 0x0000000100000000)
  eden space 16896K, 0% used [0x00000000d5580000,0x00000000d5580000,0x00000000d6600000)
  from space 1024K, 81% used [0x00000000d6b00000,0x00000000d6bd0000,0x00000000d6c00000)
  to   space 1024K, 0% used [0x00000000d6a00000,0x00000000d6a00000,0x00000000d6b00000)
 ParOldGen       total 74240K, used 54076K [0x0000000080000000, 0x0000000084880000, 0x00000000d5580000)
  object space 74240K, 72% used [0x0000000080000000,0x00000000834cf3f0,0x0000000084880000)
 Metaspace       used 58632K, committed 60032K, reserved 1114112K
  class space    used 6253K, committed 6912K, reserved 1048576K
}
Event: 8.834 GC heap before
{Heap before GC invocations=54 (full 3):
 PSYoungGen      total 17920K, used 17728K [0x00000000d5580000, 0x00000000d6c00000, 0x0000000100000000)
  eden space 16896K, 100% used [0x00000000d5580000,0x00000000d6600000,0x00000000d6600000)
  from space 1024K, 81% used [0x00000000d6b00000,0x00000000d6bd0000,0x00000000d6c00000)
  to   space 1024K, 0% used [0x00000000d6a00000,0x00000000d6a00000,0x00000000d6b00000)
 ParOldGen       total 74240K, used 54076K [0x0000000080000000, 0x0000000084880000, 0x00000000d5580000)
  object space 74240K, 72% used [0x0000000080000000,0x00000000834cf3f0,0x0000000084880000)
 Metaspace       used 59661K, committed 61056K, reserved 1114112K
  class space    used 6346K, committed 6976K, reserved 1048576K
}
Event: 8.836 GC heap after
{Heap after GC invocations=54 (full 3):
 PSYoungGen      total 17920K, used 1024K [0x00000000d5580000, 0x00000000d6c00000, 0x0000000100000000)
  eden space 16896K, 0% used [0x00000000d5580000,0x00000000d5580000,0x00000000d6600000)
  from space 1024K, 100% used [0x00000000d6a00000,0x00000000d6b00000,0x00000000d6b00000)
  to   space 1024K, 0% used [0x00000000d6b00000,0x00000000d6b00000,0x00000000d6c00000)
 ParOldGen       total 74240K, used 55767K [0x0000000080000000, 0x0000000084880000, 0x00000000d5580000)
  object space 74240K, 75% used [0x0000000080000000,0x0000000083675e98,0x0000000084880000)
 Metaspace       used 59661K, committed 61056K, reserved 1114112K
  class space    used 6346K, committed 6976K, reserved 1048576K
}
Event: 8.945 GC heap before
{Heap before GC invocations=55 (full 3):
 PSYoungGen      total 17920K, used 17920K [0x00000000d5580000, 0x00000000d6c00000, 0x0000000100000000)
  eden space 16896K, 100% used [0x00000000d5580000,0x00000000d6600000,0x00000000d6600000)
  from space 1024K, 100% used [0x00000000d6a00000,0x00000000d6b00000,0x00000000d6b00000)
  to   space 1024K, 0% used [0x00000000d6b00000,0x00000000d6b00000,0x00000000d6c00000)
 ParOldGen       total 74240K, used 55767K [0x0000000080000000, 0x0000000084880000, 0x00000000d5580000)
  object space 74240K, 75% used [0x0000000080000000,0x0000000083675e98,0x0000000084880000)
 Metaspace       used 59784K, committed 61184K, reserved 1114112K
  class space    used 6347K, committed 6976K, reserved 1048576K
}
Event: 8.947 GC heap after
{Heap after GC invocations=55 (full 3):
 PSYoungGen      total 17920K, used 1008K [0x00000000d5580000, 0x00000000d6c00000, 0x0000000100000000)
  eden space 16896K, 0% used [0x00000000d5580000,0x00000000d5580000,0x00000000d6600000)
  from space 1024K, 98% used [0x00000000d6b00000,0x00000000d6bfc010,0x00000000d6c00000)
  to   space 2560K, 0% used [0x00000000d6700000,0x00000000d6700000,0x00000000d6980000)
 ParOldGen       total 74240K, used 57215K [0x0000000080000000, 0x0000000084880000, 0x00000000d5580000)
  object space 74240K, 77% used [0x0000000080000000,0x00000000837dfed8,0x0000000084880000)
 Metaspace       used 59784K, committed 61184K, reserved 1114112K
  class space    used 6347K, committed 6976K, reserved 1048576K
}
Event: 9.042 GC heap before
{Heap before GC invocations=56 (full 3):
 PSYoungGen      total 17920K, used 17904K [0x00000000d5580000, 0x00000000d6c00000, 0x0000000100000000)
  eden space 16896K, 100% used [0x00000000d5580000,0x00000000d6600000,0x00000000d6600000)
  from space 1024K, 98% used [0x00000000d6b00000,0x00000000d6bfc010,0x00000000d6c00000)
  to   space 2560K, 0% used [0x00000000d6700000,0x00000000d6700000,0x00000000d6980000)
 ParOldGen       total 74240K, used 57215K [0x0000000080000000, 0x0000000084880000, 0x00000000d5580000)
  object space 74240K, 77% used [0x0000000080000000,0x00000000837dfed8,0x0000000084880000)
 Metaspace       used 59927K, committed 61312K, reserved 1114112K
  class space    used 6347K, committed 6976K, reserved 1048576K
}
Event: 9.043 GC heap after
{Heap after GC invocations=56 (full 3):
 PSYoungGen      total 19456K, used 1184K [0x00000000d5580000, 0x00000000d6b80000, 0x0000000100000000)
  eden space 16896K, 0% used [0x00000000d5580000,0x00000000d5580000,0x00000000d6600000)
  from space 2560K, 46% used [0x00000000d6700000,0x00000000d6828000,0x00000000d6980000)
  to   space 2048K, 0% used [0x00000000d6980000,0x00000000d6980000,0x00000000d6b80000)
 ParOldGen       total 74240K, used 58175K [0x0000000080000000, 0x0000000084880000, 0x00000000d5580000)
  object space 74240K, 78% used [0x0000000080000000,0x00000000838cfee8,0x0000000084880000)
 Metaspace       used 59927K, committed 61312K, reserved 1114112K
  class space    used 6347K, committed 6976K, reserved 1048576K
}
Event: 9.101 GC heap before
{Heap before GC invocations=57 (full 3):
 PSYoungGen      total 19456K, used 18080K [0x00000000d5580000, 0x00000000d6b80000, 0x0000000100000000)
  eden space 16896K, 100% used [0x00000000d5580000,0x00000000d6600000,0x00000000d6600000)
  from space 2560K, 46% used [0x00000000d6700000,0x00000000d6828000,0x00000000d6980000)
  to   space 2048K, 0% used [0x00000000d6980000,0x00000000d6980000,0x00000000d6b80000)
 ParOldGen       total 74240K, used 58175K [0x0000000080000000, 0x0000000084880000, 0x00000000d5580000)
  object space 74240K, 78% used [0x0000000080000000,0x00000000838cfee8,0x0000000084880000)
 Metaspace       used 60314K, committed 61696K, reserved 1114112K
  class space    used 6401K, committed 7040K, reserved 1048576K
}
Event: 9.103 GC heap after
{Heap after GC invocations=57 (full 3):
 PSYoungGen      total 18944K, used 1696K [0x00000000d5580000, 0x00000000d6b80000, 0x0000000100000000)
  eden space 16896K, 0% used [0x00000000d5580000,0x00000000d5580000,0x00000000d6600000)
  from space 2048K, 82% used [0x00000000d6980000,0x00000000d6b28000,0x00000000d6b80000)
  to   space 2048K, 0% used [0x00000000d6780000,0x00000000d6780000,0x00000000d6980000)
 ParOldGen       total 74240K, used 59199K [0x0000000080000000, 0x0000000084880000, 0x00000000d5580000)
  object space 74240K, 79% used [0x0000000080000000,0x00000000839cfee8,0x0000000084880000)
 Metaspace       used 60314K, committed 61696K, reserved 1114112K
  class space    used 6401K, committed 7040K, reserved 1048576K
}
Event: 9.157 GC heap before
{Heap before GC invocations=58 (full 3):
 PSYoungGen      total 18944K, used 18592K [0x00000000d5580000, 0x00000000d6b80000, 0x0000000100000000)
  eden space 16896K, 100% used [0x00000000d5580000,0x00000000d6600000,0x00000000d6600000)
  from space 2048K, 82% used [0x00000000d6980000,0x00000000d6b28000,0x00000000d6b80000)
  to   space 2048K, 0% used [0x00000000d6780000,0x00000000d6780000,0x00000000d6980000)
 ParOldGen       total 74240K, used 59199K [0x0000000080000000, 0x0000000084880000, 0x00000000d5580000)
  object space 74240K, 79% used [0x0000000080000000,0x00000000839cfee8,0x0000000084880000)
 Metaspace       used 60400K, committed 61824K, reserved 1114112K
  class space    used 6402K, committed 7040K, reserved 1048576K
}
Event: 9.158 GC heap after
{Heap after GC invocations=58 (full 3):
 PSYoungGen      total 18432K, used 1536K [0x00000000d5580000, 0x00000000d6a00000, 0x0000000100000000)
  eden space 16896K, 0% used [0x00000000d5580000,0x00000000d5580000,0x00000000d6600000)
  from space 1536K, 100% used [0x00000000d6780000,0x00000000d6900000,0x00000000d6900000)
  to   space 1024K, 0% used [0x00000000d6900000,0x00000000d6900000,0x00000000d6a00000)
 ParOldGen       total 74240K, used 60676K [0x0000000080000000, 0x0000000084880000, 0x00000000d5580000)
  object space 74240K, 81% used [0x0000000080000000,0x0000000083b413c8,0x0000000084880000)
 Metaspace       used 60400K, committed 61824K, reserved 1114112K
  class space    used 6402K, committed 7040K, reserved 1048576K
}
Event: 9.235 GC heap before
{Heap before GC invocations=59 (full 3):
 PSYoungGen      total 18432K, used 18431K [0x00000000d5580000, 0x00000000d6a00000, 0x0000000100000000)
  eden space 16896K, 99% used [0x00000000d5580000,0x00000000d65ffff8,0x00000000d6600000)
  from space 1536K, 100% used [0x00000000d6780000,0x00000000d6900000,0x00000000d6900000)
  to   space 1024K, 0% used [0x00000000d6900000,0x00000000d6900000,0x00000000d6a00000)
 ParOldGen       total 74240K, used 60676K [0x0000000080000000, 0x0000000084880000, 0x00000000d5580000)
  object space 74240K, 81% used [0x0000000080000000,0x0000000083b413c8,0x0000000084880000)
 Metaspace       used 60559K, committed 61952K, reserved 1114112K
  class space    used 6403K, committed 7040K, reserved 1048576K
}
Event: 9.237 GC heap after
{Heap after GC invocations=59 (full 3):
 PSYoungGen      total 17408K, used 1008K [0x00000000d5580000, 0x00000000d6d00000, 0x0000000100000000)
  eden space 16384K, 0% used [0x00000000d5580000,0x00000000d5580000,0x00000000d6580000)
  from space 1024K, 98% used [0x00000000d6900000,0x00000000d69fc010,0x00000000d6a00000)
  to   space 3584K, 0% used [0x00000000d6580000,0x00000000d6580000,0x00000000d6900000)
 ParOldGen       total 74240K, used 62585K [0x0000000080000000, 0x0000000084880000, 0x00000000d5580000)
  object space 74240K, 84% used [0x0000000080000000,0x0000000083d1e458,0x0000000084880000)
 Metaspace       used 60559K, committed 61952K, reserved 1114112K
  class space    used 6403K, committed 7040K, reserved 1048576K
}
Event: 9.274 GC heap before
{Heap before GC invocations=60 (full 3):
 PSYoungGen      total 17408K, used 17392K [0x00000000d5580000, 0x00000000d6d00000, 0x0000000100000000)
  eden space 16384K, 100% used [0x00000000d5580000,0x00000000d6580000,0x00000000d6580000)
  from space 1024K, 98% used [0x00000000d6900000,0x00000000d69fc010,0x00000000d6a00000)
  to   space 3584K, 0% used [0x00000000d6580000,0x00000000d6580000,0x00000000d6900000)
 ParOldGen       total 74240K, used 62585K [0x0000000080000000, 0x0000000084880000, 0x00000000d5580000)
  object space 74240K, 84% used [0x0000000080000000,0x0000000083d1e458,0x0000000084880000)
 Metaspace       used 60596K, committed 62016K, reserved 1114112K
  class space    used 6403K, committed 7040K, reserved 1048576K
}
Event: 9.275 GC heap after
{Heap after GC invocations=60 (full 3):
 PSYoungGen      total 17920K, used 1328K [0x00000000d5580000, 0x00000000d6980000, 0x0000000100000000)
  eden space 16384K, 0% used [0x00000000d5580000,0x00000000d5580000,0x00000000d6580000)
  from space 1536K, 86% used [0x00000000d6580000,0x00000000d66cc010,0x00000000d6700000)
  to   space 2048K, 0% used [0x00000000d6780000,0x00000000d6780000,0x00000000d6980000)
 ParOldGen       total 74240K, used 63310K [0x0000000080000000, 0x0000000084880000, 0x00000000d5580000)
  object space 74240K, 85% used [0x0000000080000000,0x0000000083dd3928,0x0000000084880000)
 Metaspace       used 60596K, committed 62016K, reserved 1114112K
  class space    used 6403K, committed 7040K, reserved 1048576K
}
Event: 9.333 GC heap before
{Heap before GC invocations=61 (full 3):
 PSYoungGen      total 17920K, used 17712K [0x00000000d5580000, 0x00000000d6980000, 0x0000000100000000)
  eden space 16384K, 100% used [0x00000000d5580000,0x00000000d6580000,0x00000000d6580000)
  from space 1536K, 86% used [0x00000000d6580000,0x00000000d66cc010,0x00000000d6700000)
  to   space 2048K, 0% used [0x00000000d6780000,0x00000000d6780000,0x00000000d6980000)
 ParOldGen       total 74240K, used 63310K [0x0000000080000000, 0x0000000084880000, 0x00000000d5580000)
  object space 74240K, 85% used [0x0000000080000000,0x0000000083dd3928,0x0000000084880000)
 Metaspace       used 60733K, committed 62144K, reserved 1114112K
  class space    used 6407K, committed 7040K, reserved 1048576K
}
Event: 9.334 GC heap after
{Heap after GC invocations=61 (full 3):
 PSYoungGen      total 17408K, used 928K [0x00000000d5580000, 0x00000000d6880000, 0x0000000100000000)
  eden space 16384K, 0% used [0x00000000d5580000,0x00000000d5580000,0x00000000d6580000)
  from space 1024K, 90% used [0x00000000d6780000,0x00000000d6868000,0x00000000d6880000)
  to   space 1536K, 0% used [0x00000000d6580000,0x00000000d6580000,0x00000000d6700000)
 ParOldGen       total 74240K, used 63966K [0x0000000080000000, 0x0000000084880000, 0x00000000d5580000)
  object space 74240K, 86% used [0x0000000080000000,0x0000000083e77928,0x0000000084880000)
 Metaspace       used 60733K, committed 62144K, reserved 1114112K
  class space    used 6407K, committed 7040K, reserved 1048576K
}

Dll operation events (10 events):
Event: 0.008 Loaded shared library c:\Users\Luigi\.cursor\extensions\redhat.java-1.55.0-win32-x64\jre\21.0.11-win32-x86_64\bin\java.dll
Event: 0.050 Loaded shared library c:\Users\Luigi\.cursor\extensions\redhat.java-1.55.0-win32-x64\jre\21.0.11-win32-x86_64\bin\zip.dll
Event: 0.067 Loaded shared library C:\Users\Luigi\.cursor\extensions\redhat.java-1.55.0-win32-x64\jre\21.0.11-win32-x86_64\bin\instrument.dll
Event: 0.073 Loaded shared library C:\Users\Luigi\.cursor\extensions\redhat.java-1.55.0-win32-x64\jre\21.0.11-win32-x86_64\bin\net.dll
Event: 0.075 Loaded shared library C:\Users\Luigi\.cursor\extensions\redhat.java-1.55.0-win32-x64\jre\21.0.11-win32-x86_64\bin\nio.dll
Event: 0.080 Loaded shared library C:\Users\Luigi\.cursor\extensions\redhat.java-1.55.0-win32-x64\jre\21.0.11-win32-x86_64\bin\zip.dll
Event: 0.095 Loaded shared library C:\Users\Luigi\.cursor\extensions\redhat.java-1.55.0-win32-x64\jre\21.0.11-win32-x86_64\bin\jimage.dll
Event: 0.178 Loaded shared library c:\Users\Luigi\.cursor\extensions\redhat.java-1.55.0-win32-x64\jre\21.0.11-win32-x86_64\bin\verify.dll
Event: 0.891 Loaded shared library C:\Users\Luigi\AppData\Roaming\Cursor\User\globalStorage\redhat.java\1.55.0\config_win\org.eclipse.equinox.launcher\org.eclipse.equinox.launcher.win32.win32.x86_64_1.3.100.v20260613-0559\eclipse_11924.dll
Event: 3.700 Loaded shared library C:\Users\Luigi\AppData\Local\Temp\jna-73777346\jna18227735297581258453.dll

Deoptimization events (20 events):
Event: 9.293 Thread 0x00000248e74192a0 DEOPT PACKING pc=0x000002488b212d28 sp=0x000000675a0fe420
Event: 9.293 Thread 0x00000248e74192a0 DEOPT UNPACKING pc=0x000002488a6c6da2 sp=0x000000675a0fe3d0 mode 2
Event: 9.316 Thread 0x00000248de626760 Uncommon trap: trap_request=0xffffffc6 fr.pc=0x000002488b0b3690 relative=0x0000000000000410
Event: 9.316 Thread 0x00000248de626760 Uncommon trap: reason=bimorphic_or_optimized_type_check action=maybe_recompile pc=0x000002488b0b3690 method=java.util.Arrays.binarySearch0([Ljava/lang/Object;IILjava/lang/Object;Ljava/util/Comparator;)I @ 48 c2
Event: 9.316 Thread 0x00000248de626760 DEOPT PACKING pc=0x000002488b0b3690 sp=0x0000006755bfd320
Event: 9.316 Thread 0x00000248de626760 DEOPT UNPACKING pc=0x000002488a6c6da2 sp=0x0000006755bfd2c8 mode 2
Event: 9.318 Thread 0x00000248de626760 DEOPT PACKING pc=0x00000248841aa89e sp=0x0000006755bfb1b0
Event: 9.318 Thread 0x00000248de626760 DEOPT UNPACKING pc=0x000002488a6c78e2 sp=0x0000006755bfa690 mode 0
Event: 9.321 Thread 0x00000248de626760 Uncommon trap: trap_request=0xffffff45 fr.pc=0x000002488b16e3fc relative=0x000000000000023c
Event: 9.321 Thread 0x00000248de626760 Uncommon trap: reason=unstable_if action=reinterpret pc=0x000002488b16e3fc method=java.util.HashMap.getNode(Ljava/lang/Object;)Ljava/util/HashMap$Node; @ 57 c2
Event: 9.321 Thread 0x00000248de626760 DEOPT PACKING pc=0x000002488b16e3fc sp=0x0000006755bfd610
Event: 9.321 Thread 0x00000248de626760 DEOPT UNPACKING pc=0x000002488a6c6da2 sp=0x0000006755bfd520 mode 2
Event: 9.321 Thread 0x00000248de626760 Uncommon trap: trap_request=0xffffff45 fr.pc=0x000002488b16ce74 relative=0x0000000000000234
Event: 9.321 Thread 0x00000248de626760 Uncommon trap: reason=unstable_if action=reinterpret pc=0x000002488b16ce74 method=java.util.HashMap.getNode(Ljava/lang/Object;)Ljava/util/HashMap$Node; @ 57 c2
Event: 9.321 Thread 0x00000248de626760 DEOPT PACKING pc=0x000002488b16ce74 sp=0x0000006755bfd5a0
Event: 9.321 Thread 0x00000248de626760 DEOPT UNPACKING pc=0x000002488a6c6da2 sp=0x0000006755bfd520 mode 2
Event: 9.364 Thread 0x00000248de626760 Uncommon trap: trap_request=0xffffff45 fr.pc=0x000002488ae53f08 relative=0x0000000000000068
Event: 9.364 Thread 0x00000248de626760 Uncommon trap: reason=unstable_if action=reinterpret pc=0x000002488ae53f08 method=java.lang.Thread.getContextClassLoader()Ljava/lang/ClassLoader; @ 6 c2
Event: 9.364 Thread 0x00000248de626760 DEOPT PACKING pc=0x000002488ae53f08 sp=0x0000006755bfe3b0
Event: 9.364 Thread 0x00000248de626760 DEOPT UNPACKING pc=0x000002488a6c6da2 sp=0x0000006755bfe338 mode 2

Classes loaded (20 events):
Event: 7.729 Loading class java/util/concurrent/ArrayBlockingQueue
Event: 7.730 Loading class java/util/concurrent/ArrayBlockingQueue done
Event: 7.765 Loading class java/util/Hashtable$ValueCollection
Event: 7.765 Loading class java/util/Hashtable$ValueCollection done
Event: 7.768 Loading class java/util/concurrent/ConcurrentHashMap$KeySpliterator
Event: 7.768 Loading class java/util/concurrent/ConcurrentHashMap$KeySpliterator done
Event: 7.773 Loading class sun/nio/ch/ChannelOutputStream
Event: 7.774 Loading class sun/nio/ch/ChannelOutputStream done
Event: 7.827 Loading class java/util/stream/ReferencePipeline$4
Event: 7.827 Loading class java/util/stream/ReferencePipeline$4 done
Event: 7.828 Loading class java/util/stream/Nodes$IntFixedNodeBuilder
Event: 7.828 Loading class java/util/stream/Node$Builder$OfInt
Event: 7.828 Loading class java/util/stream/Node$Builder$OfInt done
Event: 7.828 Loading class java/util/stream/Nodes$IntArrayNode
Event: 7.829 Loading class java/util/stream/Nodes$IntArrayNode done
Event: 7.829 Loading class java/util/stream/Nodes$IntFixedNodeBuilder done
Event: 7.829 Loading class java/util/stream/ReferencePipeline$4$1
Event: 7.829 Loading class java/util/stream/ReferencePipeline$4$1 done
Event: 8.352 Loading class jdk/internal/module/IllegalAccessLogger
Event: 8.352 Loading class jdk/internal/module/IllegalAccessLogger done

Classes unloaded (10 events):
Event: 3.983 Thread 0x00000248d87b0090 Unloading class 0x00000248981ab400 'java/lang/invoke/LambdaForm$MH+0x00000248981ab400'
Event: 3.983 Thread 0x00000248d87b0090 Unloading class 0x00000248981ab000 'java/lang/invoke/LambdaForm$MH+0x00000248981ab000'
Event: 3.983 Thread 0x00000248d87b0090 Unloading class 0x00000248981aac00 'java/lang/invoke/LambdaForm$MH+0x00000248981aac00'
Event: 3.983 Thread 0x00000248d87b0090 Unloading class 0x00000248981aa800 'java/lang/invoke/LambdaForm$MH+0x00000248981aa800'
Event: 3.983 Thread 0x00000248d87b0090 Unloading class 0x00000248981aa400 'java/lang/invoke/LambdaForm$BMH+0x00000248981aa400'
Event: 3.983 Thread 0x00000248d87b0090 Unloading class 0x00000248981aa000 'java/lang/invoke/LambdaForm$DMH+0x00000248981aa000'
Event: 3.983 Thread 0x00000248d87b0090 Unloading class 0x00000248981a8c00 'java/lang/invoke/LambdaForm$DMH+0x00000248981a8c00'
Event: 8.401 Thread 0x00000248d87b0090 Unloading class 0x0000024898655000 'java/lang/invoke/LambdaForm$MH+0x0000024898655000'
Event: 8.401 Thread 0x00000248d87b0090 Unloading class 0x0000024898654800 'java/lang/invoke/LambdaForm$MH+0x0000024898654800'
Event: 8.401 Thread 0x00000248d87b0090 Unloading class 0x0000024898654400 'java/lang/invoke/LambdaForm$MH+0x0000024898654400'

Classes redefined (0 events):
No events

Internal exceptions (20 events):
Event: 8.205 Thread 0x00000248e7413d50 Exception <a 'java/lang/NullPointerException'{0x00000000d680eda8}> (0x00000000d680eda8) 
thrown [s\src\hotspot\share\interpreter\linkResolver.cpp, line 1372]
Event: 8.223 Thread 0x00000248e7413d50 Exception <a 'java/lang/NullPointerException'{0x00000000d6888c58}> (0x00000000d6888c58) 
thrown [s\src\hotspot\share\interpreter\linkResolver.cpp, line 1372]
Event: 8.224 Thread 0x00000248e7413d50 Exception <a 'java/lang/NullPointerException'{0x00000000d6889648}> (0x00000000d6889648) 
thrown [s\src\hotspot\share\interpreter\linkResolver.cpp, line 1372]
Event: 8.225 Thread 0x00000248e7413d50 Exception <a 'java/lang/NullPointerException'{0x00000000d688b7b8}> (0x00000000d688b7b8) 
thrown [s\src\hotspot\share\interpreter\linkResolver.cpp, line 1372]
Event: 8.226 Thread 0x00000248e7413d50 Exception <a 'java/lang/NullPointerException'{0x00000000d688cbb0}> (0x00000000d688cbb0) 
thrown [s\src\hotspot\share\interpreter\linkResolver.cpp, line 1372]
Event: 8.280 Thread 0x00000248de626760 Exception <a 'sun/nio/fs/WindowsException'{0x00000000d576c9f8}> (0x00000000d576c9f8) 
thrown [s\src\hotspot\share\prims\jni.cpp, line 520]
Event: 8.281 Thread 0x00000248dfa2e1b0 Exception <a 'sun/nio/fs/WindowsException'{0x00000000d57727d8}> (0x00000000d57727d8) 
thrown [s\src\hotspot\share\prims\jni.cpp, line 520]
Event: 8.281 Thread 0x00000248dfa2e840 Exception <a 'sun/nio/fs/WindowsException'{0x00000000d577db90}> (0x00000000d577db90) 
thrown [s\src\hotspot\share\prims\jni.cpp, line 520]
Event: 8.281 Thread 0x00000248dfa2f560 Exception <a 'sun/nio/fs/WindowsException'{0x00000000d57884e8}> (0x00000000d57884e8) 
thrown [s\src\hotspot\share\prims\jni.cpp, line 520]
Event: 8.371 Thread 0x00000248de626760 Exception <a 'sun/nio/fs/WindowsException'{0x00000000d61283d0}> (0x00000000d61283d0) 
thrown [s\src\hotspot\share\prims\jni.cpp, line 520]
Event: 8.371 Thread 0x00000248de626760 Exception <a 'sun/nio/fs/WindowsException'{0x00000000d6128c28}> (0x00000000d6128c28) 
thrown [s\src\hotspot\share\prims\jni.cpp, line 520]
Event: 8.718 Thread 0x00000248de626760 Exception <a 'java/lang/NoSuchMethodError'{0x00000000d5c3b818}: 'void java.lang.invoke.DirectMethodHandle$Holder.invokeStatic(java.lang.Object, java.lang.Object, java.lang.Object, int)'> (0x00000000d5c3b818) 
thrown [s\src\hotspot\share\interpreter\linkResolver.cpp, line 773]
Event: 8.727 Thread 0x00000248de626760 Exception <a 'java/lang/NoSuchMethodError'{0x00000000d5c8c210}: 'void java.lang.invoke.DirectMethodHandle$Holder.invokeVirtual(java.lang.Object, java.lang.Object, int)'> (0x00000000d5c8c210) 
thrown [s\src\hotspot\share\interpreter\linkResolver.cpp, line 773]
Event: 9.072 Thread 0x00000248de626760 Exception <a 'java/lang/NoSuchMethodError'{0x00000000d5bf9e38}: 'void java.lang.invoke.DirectMethodHandle$Holder.invokeInterface(java.lang.Object, java.lang.Object)'> (0x00000000d5bf9e38) 
thrown [s\src\hotspot\share\interpreter\linkResolver.cpp, line 773]
Event: 9.080 Thread 0x00000248e7418580 Implicit null exception at 0x000002488b17f5e8 to 0x000002488b17f72c
Event: 9.080 Thread 0x00000248e7418c10 Implicit null exception at 0x000002488b17f5e8 to 0x000002488b17f72c
Event: 9.080 Thread 0x00000248e7417ef0 Implicit null exception at 0x000002488b17f5e8 to 0x000002488b17f72c
Event: 9.366 Thread 0x00000248de626760 Exception <a 'java/lang/NoSuchMethodError'{0x00000000d57cf8a8}: 'java.lang.Object java.lang.invoke.DirectMethodHandle$Holder.newInvokeSpecial(java.lang.Object, java.lang.Object, int, java.lang.Object, java.lang.Object)'> (0x00000000d57cf8a8) 
thrown [s\src\hotspot\share\interpreter\linkResolver.cpp, line 773]
Event: 9.370 Thread 0x00000248de626760 Exception <a 'java/lang/NoSuchMethodError'{0x00000000d57f8160}: 'java.lang.Object java.lang.invoke.DirectMethodHandle$Holder.invokeSpecial(java.lang.Object, java.lang.Object, java.lang.Object, int, java.lang.Object, java.lang.Object, java.lang.Object)'> (0x00000000d57f8160) 
thrown [s\src\hotspot\share\interpreter\linkResolver.cpp, line 773]
Event: 9.388 Thread 0x00000248de626760 Exception <a 'java/lang/NoSuchMethodError'{0x00000000d5996ef8}: 'java.lang.Object java.lang.invoke.DirectMethodHandle$Holder.newInvokeSpecial(java.lang.Object, java.lang.Object, int)'> (0x00000000d5996ef8) 
thrown [s\src\hotspot\share\interpreter\linkResolver.cpp, line 773]

ZGC Phase Switch (0 events):
No events

VM Operations (20 events):
Event: 8.618 Executing non-safepoint VM operation: HandshakeAllThreads (Deoptimize)
Event: 8.618 Executing non-safepoint VM operation: HandshakeAllThreads (Deoptimize) done
Event: 8.627 Executing safepoint VM operation: ParallelGCFailedAllocation (Allocation Failure)
Event: 8.629 Executing safepoint VM operation: ParallelGCFailedAllocation (Allocation Failure) done
Event: 8.834 Executing safepoint VM operation: ParallelGCFailedAllocation (Allocation Failure)
Event: 8.836 Executing safepoint VM operation: ParallelGCFailedAllocation (Allocation Failure) done
Event: 8.945 Executing safepoint VM operation: ParallelGCFailedAllocation (Allocation Failure)
Event: 8.947 Executing safepoint VM operation: ParallelGCFailedAllocation (Allocation Failure) done
Event: 9.042 Executing safepoint VM operation: ParallelGCFailedAllocation (Allocation Failure)
Event: 9.043 Executing safepoint VM operation: ParallelGCFailedAllocation (Allocation Failure) done
Event: 9.101 Executing safepoint VM operation: ParallelGCFailedAllocation (Allocation Failure)
Event: 9.103 Executing safepoint VM operation: ParallelGCFailedAllocation (Allocation Failure) done
Event: 9.157 Executing safepoint VM operation: ParallelGCFailedAllocation (Allocation Failure)
Event: 9.158 Executing safepoint VM operation: ParallelGCFailedAllocation (Allocation Failure) done
Event: 9.235 Executing safepoint VM operation: ParallelGCFailedAllocation (Allocation Failure)
Event: 9.237 Executing safepoint VM operation: ParallelGCFailedAllocation (Allocation Failure) done
Event: 9.274 Executing safepoint VM operation: ParallelGCFailedAllocation (Allocation Failure)
Event: 9.275 Executing safepoint VM operation: ParallelGCFailedAllocation (Allocation Failure) done
Event: 9.333 Executing safepoint VM operation: ParallelGCFailedAllocation (Allocation Failure)
Event: 9.335 Executing safepoint VM operation: ParallelGCFailedAllocation (Allocation Failure) done

Memory protections (0 events):
No events

Nmethod flushes (20 events):
Event: 8.422 Thread 0x00000248d87b0090 flushing  nmethod 0x0000024883a0b290
Event: 8.422 Thread 0x00000248d87b0090 flushing osr nmethod 0x0000024883a0d690
Event: 8.422 Thread 0x00000248d87b0090 flushing  nmethod 0x0000024883a4ca10
Event: 8.422 Thread 0x00000248d87b0090 flushing  nmethod 0x0000024883a4d010
Event: 8.422 Thread 0x00000248d87b0090 flushing  nmethod 0x0000024883a4de90
Event: 8.422 Thread 0x00000248d87b0090 flushing  nmethod 0x0000024883a51110
Event: 8.422 Thread 0x00000248d87b0090 flushing  nmethod 0x0000024883a84f10
Event: 8.422 Thread 0x00000248d87b0090 flushing  nmethod 0x0000024883a85490
Event: 8.422 Thread 0x00000248d87b0090 flushing osr nmethod 0x0000024883a90590
Event: 8.422 Thread 0x00000248d87b0090 flushing  nmethod 0x0000024883ab5310
Event: 8.422 Thread 0x00000248d87b0090 flushing  nmethod 0x0000024883acd990
Event: 8.422 Thread 0x00000248d87b0090 flushing  nmethod 0x0000024883acf490
Event: 8.422 Thread 0x00000248d87b0090 flushing  nmethod 0x0000024883ad0d90
Event: 8.422 Thread 0x00000248d87b0090 flushing  nmethod 0x0000024883ad8b90
Event: 8.422 Thread 0x00000248d87b0090 flushing  nmethod 0x0000024883adac10
Event: 8.422 Thread 0x00000248d87b0090 flushing  nmethod 0x0000024883adb390
Event: 8.422 Thread 0x00000248d87b0090 flushing  nmethod 0x0000024883adb710
Event: 8.422 Thread 0x00000248d87b0090 flushing  nmethod 0x0000024883adba90
Event: 8.422 Thread 0x00000248d87b0090 flushing  nmethod 0x0000024883adc010
Event: 8.422 Thread 0x00000248d87b0090 flushing  nmethod 0x0000024883ade190

Events (20 events):
Event: 7.770 Thread 0x00000248de626760 Thread added: 0x00000248e7415790
Event: 7.788 Thread 0x00000248de626760 Thread added: 0x00000248e7412310
Event: 7.794 Thread 0x00000248de626760 Thread added: 0x00000248e7415100
Event: 7.823 Thread 0x00000248de626760 Thread added: 0x00000248e7413030
Event: 7.826 Thread 0x00000248de626760 Thread added: 0x00000248e7415e20
Event: 7.867 Thread 0x00000248de626760 Thread added: 0x00000248e74129a0
Event: 7.879 Thread 0x00000248de626760 Thread added: 0x00000248e74164b0
Event: 7.892 Thread 0x00000248de626760 Thread added: 0x00000248e74136c0
Event: 7.896 Thread 0x00000248de626760 Thread added: 0x00000248e7417860
Event: 7.909 Thread 0x00000248de626760 Thread added: 0x00000248e7416b40
Event: 9.076 Thread 0x00000248de626760 Thread added: 0x00000248e7417ef0
Event: 9.076 Thread 0x00000248de626760 Thread added: 0x00000248e7418580
Event: 9.077 Thread 0x00000248de626760 Thread added: 0x00000248e74192a0
Event: 9.077 Thread 0x00000248de626760 Thread added: 0x00000248e7418c10
Event: 9.077 Thread 0x00000248de626760 Thread added: 0x00000248e7419930
Event: 9.317 Thread 0x00000248e7418580 Thread exited: 0x00000248e7418580
Event: 9.317 Thread 0x00000248e7418c10 Thread exited: 0x00000248e7418c10
Event: 9.317 Thread 0x00000248e7417ef0 Thread exited: 0x00000248e7417ef0
Event: 9.317 Thread 0x00000248e7419930 Thread exited: 0x00000248e7419930
Event: 9.317 Thread 0x00000248e74192a0 Thread exited: 0x00000248e74192a0


Dynamic libraries:
0x00007ff794ef0000 - 0x00007ff794efe000 	c:\Users\Luigi\.cursor\extensions\redhat.java-1.55.0-win32-x64\jre\21.0.11-win32-x86_64\bin\java.exe
0x00007ff9eb640000 - 0x00007ff9eb8a6000 	C:\WINDOWS\SYSTEM32\ntdll.dll
0x00007ff9e94e0000 - 0x00007ff9e95a9000 	C:\WINDOWS\System32\KERNEL32.DLL
0x00007ff9e8c90000 - 0x00007ff9e908e000 	C:\WINDOWS\System32\KERNELBASE.dll
0x00007ff9e9210000 - 0x00007ff9e935c000 	C:\WINDOWS\System32\ucrtbase.dll
0x00007ff9d4520000 - 0x00007ff9d4538000 	c:\Users\Luigi\.cursor\extensions\redhat.java-1.55.0-win32-x64\jre\21.0.11-win32-x86_64\bin\jli.dll
0x00007ff9c3ac0000 - 0x00007ff9c3ade000 	c:\Users\Luigi\.cursor\extensions\redhat.java-1.55.0-win32-x64\jre\21.0.11-win32-x86_64\bin\VCRUNTIME140.dll
0x00007ff9e98a0000 - 0x00007ff9e9a67000 	C:\WINDOWS\System32\USER32.dll
0x00007ff9e79c0000 - 0x00007ff9e7c52000 	C:\WINDOWS\WinSxS\amd64_microsoft.windows.common-controls_6595b64144ccf1df_6.0.26100.8894_none_3e0f749ee32e02ea\COMCTL32.dll
0x00007ff9e8860000 - 0x00007ff9e8887000 	C:\WINDOWS\System32\win32u.dll
0x00007ff9eb540000 - 0x00007ff9eb5e9000 	C:\WINDOWS\System32\msvcrt.dll
0x00007ff9ea0c0000 - 0x00007ff9ea0eb000 	C:\WINDOWS\System32\GDI32.dll
0x00007ff9e8b60000 - 0x00007ff9e8c8a000 	C:\WINDOWS\System32\gdi32full.dll
0x00007ff9e9160000 - 0x00007ff9e9203000 	C:\WINDOWS\System32\msvcp_win.dll
0x00007ff9eaab0000 - 0x00007ff9eaae2000 	C:\WINDOWS\System32\IMM32.DLL
0x00007ff9e6fa0000 - 0x00007ff9e6fac000 	c:\Users\Luigi\.cursor\extensions\redhat.java-1.55.0-win32-x64\jre\21.0.11-win32-x86_64\bin\vcruntime140_1.dll
0x00007ff92d170000 - 0x00007ff92d1fd000 	c:\Users\Luigi\.cursor\extensions\redhat.java-1.55.0-win32-x64\jre\21.0.11-win32-x86_64\bin\msvcp140.dll
0x00007ff8f4b60000 - 0x00007ff8f5902000 	c:\Users\Luigi\.cursor\extensions\redhat.java-1.55.0-win32-x64\jre\21.0.11-win32-x86_64\bin\server\jvm.dll
0x00007ff9e9420000 - 0x00007ff9e94d7000 	C:\WINDOWS\System32\ADVAPI32.dll
0x00007ff9e95b0000 - 0x00007ff9e965a000 	C:\WINDOWS\System32\sechost.dll
0x00007ff9e9e30000 - 0x00007ff9e9f48000 	C:\WINDOWS\System32\RPCRT4.dll
0x00007ff9eae00000 - 0x00007ff9eae80000 	C:\WINDOWS\System32\WS2_32.dll
0x00007ff9e80a0000 - 0x00007ff9e80fe000 	C:\WINDOWS\SYSTEM32\POWRPROF.dll
0x00007ff9e6360000 - 0x00007ff9e636b000 	C:\WINDOWS\SYSTEM32\VERSION.dll
0x00007ff9da8c0000 - 0x00007ff9da8f6000 	C:\WINDOWS\SYSTEM32\WINMM.dll
0x00007ff9e7d60000 - 0x00007ff9e7d74000 	C:\WINDOWS\SYSTEM32\UMPDC.dll
0x00007ff9e7780000 - 0x00007ff9e779b000 	C:\WINDOWS\SYSTEM32\kernel.appcore.dll
0x00007ff9d9300000 - 0x00007ff9d930a000 	c:\Users\Luigi\.cursor\extensions\redhat.java-1.55.0-win32-x64\jre\21.0.11-win32-x86_64\bin\jimage.dll
0x00007ff9e8110000 - 0x00007ff9e8352000 	C:\WINDOWS\SYSTEM32\DBGHELP.DLL
0x00007ff9e9a70000 - 0x00007ff9e9df3000 	C:\WINDOWS\System32\combase.dll
0x00007ff9ea9d0000 - 0x00007ff9eaaa9000 	C:\WINDOWS\System32\OLEAUT32.dll
0x00007ff9e7f90000 - 0x00007ff9e7fcb000 	C:\WINDOWS\SYSTEM32\dbgcore.DLL
0x00007ff9e8aa0000 - 0x00007ff9e8b4c000 	C:\WINDOWS\System32\bcryptPrimitives.dll
0x00007ff9d8ad0000 - 0x00007ff9d8adf000 	c:\Users\Luigi\.cursor\extensions\redhat.java-1.55.0-win32-x64\jre\21.0.11-win32-x86_64\bin\instrument.dll
0x00007ff9b1eb0000 - 0x00007ff9b1ed0000 	c:\Users\Luigi\.cursor\extensions\redhat.java-1.55.0-win32-x64\jre\21.0.11-win32-x86_64\bin\java.dll
0x00007ff9ea220000 - 0x00007ff9ea9b2000 	C:\WINDOWS\System32\SHELL32.dll
0x00007ff9e5310000 - 0x00007ff9e5ba2000 	C:\WINDOWS\SYSTEM32\windows.storage.dll
0x00007ff9ea110000 - 0x00007ff9ea207000 	C:\WINDOWS\System32\SHCORE.dll
0x00007ff9e9f50000 - 0x00007ff9e9fb7000 	C:\WINDOWS\System32\shlwapi.dll
0x00007ff9e8780000 - 0x00007ff9e87a9000 	C:\WINDOWS\SYSTEM32\profapi.dll
0x00007ff9b1e90000 - 0x00007ff9b1ea8000 	c:\Users\Luigi\.cursor\extensions\redhat.java-1.55.0-win32-x64\jre\21.0.11-win32-x86_64\bin\zip.dll
0x00007ff9d8a10000 - 0x00007ff9d8a20000 	C:\Users\Luigi\.cursor\extensions\redhat.java-1.55.0-win32-x64\jre\21.0.11-win32-x86_64\bin\net.dll
0x00007ff9de1d0000 - 0x00007ff9de2f7000 	C:\WINDOWS\SYSTEM32\WINHTTP.dll
0x00007ff9e6b60000 - 0x00007ff9e6bcc000 	C:\WINDOWS\system32\mswsock.dll
0x00007ff9b1ac0000 - 0x00007ff9b1ad6000 	C:\Users\Luigi\.cursor\extensions\redhat.java-1.55.0-win32-x64\jre\21.0.11-win32-x86_64\bin\nio.dll
0x00007ff9e8050000 - 0x00007ff9e8060000 	c:\Users\Luigi\.cursor\extensions\redhat.java-1.55.0-win32-x64\jre\21.0.11-win32-x86_64\bin\verify.dll
0x00007ff9df470000 - 0x00007ff9df4b5000 	C:\Users\Luigi\AppData\Roaming\Cursor\User\globalStorage\redhat.java\1.55.0\config_win\org.eclipse.equinox.launcher\org.eclipse.equinox.launcher.win32.win32.x86_64_1.3.100.v20260613-0559\eclipse_11924.dll
0x00007ff9eb3a0000 - 0x00007ff9eb539000 	C:\WINDOWS\System32\ole32.dll
0x00007ff9e8480000 - 0x00007ff9e849b000 	C:\WINDOWS\SYSTEM32\CRYPTSP.dll
0x00007ff9e6550000 - 0x00007ff9e6589000 	C:\WINDOWS\system32\rsaenh.dll
0x00007ff9e6c20000 - 0x00007ff9e6c52000 	C:\WINDOWS\SYSTEM32\USERENV.dll
0x00007ff9e8750000 - 0x00007ff9e877a000 	C:\WINDOWS\SYSTEM32\bcrypt.dll
0x00007ff9e7760000 - 0x00007ff9e776c000 	C:\WINDOWS\SYSTEM32\CRYPTBASE.dll
0x00007ff9e5f60000 - 0x00007ff9e5f93000 	C:\WINDOWS\SYSTEM32\IPHLPAPI.DLL
0x00007ff9ea210000 - 0x00007ff9ea21a000 	C:\WINDOWS\System32\NSI.dll
0x00007ff9a3cb0000 - 0x00007ff9a3cf9000 	C:\Users\Luigi\AppData\Local\Temp\jna-73777346\jna18227735297581258453.dll
0x00007ff9eb5f0000 - 0x00007ff9eb5f8000 	C:\WINDOWS\System32\PSAPI.DLL
0x00007ff9de140000 - 0x00007ff9de15d000 	C:\WINDOWS\SYSTEM32\dhcpcsvc6.DLL
0x00007ff9de110000 - 0x00007ff9de135000 	C:\WINDOWS\SYSTEM32\dhcpcsvc.DLL

JVMTI agents:
c:\Users\Luigi\.cursor\extensions\redhat.java-1.55.0-win32-x64\lombok\lombok-1.18.39-4050.jar path:c:\Users\Luigi\.cursor\extensions\redhat.java-1.55.0-win32-x64\jre\21.0.11-win32-x86_64\bin\instrument.dll, loaded, initialized, instrumentlib options:none

dbghelp: loaded successfully - version: 4.0.5 - missing functions: none
symbol engine: initialized successfully - sym options: 0x614 - pdb path: .;c:\Users\Luigi\.cursor\extensions\redhat.java-1.55.0-win32-x64\jre\21.0.11-win32-x86_64\bin;C:\WINDOWS\SYSTEM32;C:\WINDOWS\WinSxS\amd64_microsoft.windows.common-controls_6595b64144ccf1df_6.0.26100.8894_none_3e0f749ee32e02ea;c:\Users\Luigi\.cursor\extensions\redhat.java-1.55.0-win32-x64\jre\21.0.11-win32-x86_64\bin\server;C:\Users\Luigi\AppData\Roaming\Cursor\User\globalStorage\redhat.java\1.55.0\config_win\org.eclipse.equinox.launcher\org.eclipse.equinox.launcher.win32.win32.x86_64_1.3.100.v20260613-0559;C:\Users\Luigi\AppData\Local\Temp\jna-73777346

VM Arguments:
jvm_args: --add-modules=ALL-SYSTEM --add-opens=java.base/java.util=ALL-UNNAMED --add-opens=java.base/java.lang=ALL-UNNAMED --add-opens=java.base/sun.nio.fs=ALL-UNNAMED -Declipse.application=org.eclipse.jdt.ls.core.id1 -Dosgi.bundles.defaultStartLevel=4 -Declipse.product=org.eclipse.jdt.ls.core.product -Djava.import.generatesMetadataFilesAtProjectRoot=false -DDetectVMInstallationsJob.disabled=true -Dfile.encoding=utf8 -XX:+UseParallelGC -XX:GCTimeRatio=4 -XX:AdaptiveSizePolicyWeight=90 -Dsun.zip.disableMemoryMapping=true -Xmx2G -Xms100m -Xlog:disable -javaagent:c:\Users\Luigi\.cursor\extensions\redhat.java-1.55.0-win32-x64\lombok\lombok-1.18.39-4050.jar -XX:+HeapDumpOnOutOfMemoryError -XX:HeapDumpPath=c:\Users\Luigi\AppData\Roaming\Cursor\User\workspaceStorage\56a197128c4981142545aa649b33ebe0\redhat.java -Daether.dependencyCollector.impl=bf 
java_command: c:\Users\Luigi\.cursor\extensions\redhat.java-1.55.0-win32-x64\server\plugins\org.eclipse.equinox.launcher_1.7.200.v20260619-2039.jar -configuration c:\Users\Luigi\AppData\Roaming\Cursor\User\globalStorage\redhat.java\1.55.0\config_win -data c:\Users\Luigi\AppData\Roaming\Cursor\User\workspaceStorage\56a197128c4981142545aa649b33ebe0\redhat.java\jdt_ws --pipe=\\.\pipe\lsp-e64aaf026383873fb855011fab3f8837-sock
java_class_path (initial): c:\Users\Luigi\.cursor\extensions\redhat.java-1.55.0-win32-x64\server\plugins\org.eclipse.equinox.launcher_1.7.200.v20260619-2039.jar
Launcher Type: SUN_STANDARD

[Global flags]
    uintx AdaptiveSizePolicyWeight                 = 90                                        {product} {command line}
     intx CICompilerCount                          = 4                                         {product} {ergonomic}
    uintx GCTimeRatio                              = 4                                         {product} {command line}
     bool HeapDumpOnOutOfMemoryError               = true                                   {manageable} {command line}
    ccstr HeapDumpPath                             = c:\Users\Luigi\AppData\Roaming\Cursor\User\workspaceStorage\56a197128c4981142545aa649b33ebe0\redhat.java         {manageable} {command line}
   size_t InitialHeapSize                          = 104857600                                 {product} {command line}
   size_t MaxHeapSize                              = 2147483648                                {product} {command line}
   size_t MaxNewSize                               = 715653120                                 {product} {ergonomic}
   size_t MinHeapDeltaBytes                        = 524288                                    {product} {ergonomic}
   size_t MinHeapSize                              = 104857600                                 {product} {command line}
   size_t NewSize                                  = 34603008                                  {product} {ergonomic}
    uintx NonNMethodCodeHeapSize                   = 5839372                                {pd product} {ergonomic}
    uintx NonProfiledCodeHeapSize                  = 122909434                              {pd product} {ergonomic}
   size_t OldSize                                  = 70254592                                  {product} {ergonomic}
    uintx ProfiledCodeHeapSize                     = 122909434                              {pd product} {ergonomic}
    uintx ReservedCodeCacheSize                    = 251658240                              {pd product} {ergonomic}
     bool SegmentedCodeCache                       = true                                      {product} {ergonomic}
   size_t SoftMaxHeapSize                          = 2147483648                             {manageable} {ergonomic}
     bool UseCompressedOops                        = true                           {product lp64_product} {ergonomic}
     bool UseLargePagesIndividualAllocation        = false                                  {pd product} {ergonomic}
     bool UseParallelGC                            = true                                      {product} {command line}

Logging:
Log output configuration:
 #0: stdout all=off uptime,level,tags foldmultilines=false
 #1: stderr all=off uptime,level,tags foldmultilines=false

Release file:
JAVA_VERSION="21.0.11" 
MODULES="java.base java.compiler java.datatransfer java.xml java.prefs java.desktop java.instrument java.logging java.management java.security.sasl java.naming java.rmi java.management.rmi java.net.http java.scripting java.security.jgss java.transaction.xa java.sql java.sql.rowset java.xml.crypto java.se java.smartcardio jdk.accessibility jdk.internal.jvmstat jdk.attach jdk.charsets jdk.internal.opt jdk.zipfs jdk.compiler jdk.crypto.ec jdk.crypto.cryptoki jdk.crypto.mscapi jdk.dynalink jdk.internal.ed jdk.editpad jdk.hotspot.agent jdk.httpserver jdk.internal.le jdk.internal.vm.ci jdk.internal.vm.compiler jdk.internal.vm.compiler.management jdk.jartool jdk.javadoc jdk.jcmd jdk.management jdk.management.agent jdk.jconsole jdk.jdeps jdk.jdwp.agent jdk.jdi jdk.jfr jdk.jshell jdk.jsobject jdk.jstatd jdk.localedata jdk.management.jfr jdk.naming.dns jdk.naming.rmi jdk.net jdk.nio.mapmode jdk.random jdk.sctp jdk.security.auth jdk.security.jgss jdk.unsupported jdk.unsupported.desktop jdk.xml.dom" 

Environment Variables:
PATH=C:\Python312\Scripts\;C:\Python312\;C:\Program Files\Common Files\Oracle\Java\javapath;C:\Program Files (x86)\Common Files\Oracle\Java\java8path;C:\Program Files (x86)\Common Files\Oracle\Java\javapath;C:\Windows\system32;C:\Windows;C:\Windows\System32\Wbem;C:\Windows\System32\WindowsPowerShell\v1.0\;C:\Windows\System32\OpenSSH\;C:\Program Files (x86)\NVIDIA Corporation\PhysX\Common;C:\Program Files\dotnet\;C:\Program Files\Git\cmd;C:\MinGW\bin;;C:\WINDOWS\system32;C:\WINDOWS;C:\WINDOWS\System32\Wbem;C:\WINDOWS\System32\WindowsPowerShell\v1.0\;C:\WINDOWS\System32\OpenSSH\;C:\Program Files\nodejs\;C:\ProgramData\chocolatey\bin;c:\Users\Luigi\AppData\Local\Programs\cursor\resources\app\bin;c:\Users\Luigi\AppData\Local\Programs\cursor\resources\app\bin;C:\Program Files\cursor\resources\app\bin;C:\Program Files\NVIDIA Corporation\NVIDIA App\NvDLISR;C:\Program Files\MySQL\MySQL Shell 8.0\bin\;C:\Users\Luigi\AppData\Local\Microsoft\WindowsApps;;C:\Users\Luigi\AppData\Local\Programs\Microsoft VS Code\bin;C:\Users\Luigi\AppData\Roaming\npm
USERNAME=Luigi
OS=Windows_NT
PROCESSOR_IDENTIFIER=Intel64 Family 6 Model 141 Stepping 1, GenuineIntel
TMP=C:\Users\Luigi\AppData\Local\Temp
TEMP=C:\Users\Luigi\AppData\Local\Temp




Periodic native trim disabled

---------------  S Y S T E M  ---------------

OS:
 Windows 11 , 64 bit Build 26100 (10.0.26100.8875)
OS uptime: 0 days 4:22 hours
Hyper-V role detected

CPU: total 12 (initial active 12) (6 cores per cpu, 2 threads per core) family 6 model 141 stepping 1 microcode 0x3c, cx8, cmov, fxsr, ht, mmx, 3dnowpref, sse, sse2, sse3, ssse3, sse4.1, sse4.2, popcnt, lzcnt, tsc, tscinvbit, avx, avx2, aes, erms, clmul, bmi1, bmi2, adx, avx512f, avx512dq, avx512cd, avx512bw, avx512vl, sha, fma, vzeroupper, avx512_vpopcntdq, avx512_vpclmulqdq, avx512_vaes, avx512_vnni, clflush, clflushopt, clwb, avx512_vbmi2, avx512_vbmi, hv, rdtscp, rdpid, fsrm, gfni, avx512_bitalg, f16c, cet_ibt, cet_ss, avx512_ifma
Processor Information for the first 12 processors :
  Max Mhz: 2688, Current Mhz: 2688, Mhz Limit: 2688

Memory: 4k page, system-wide physical 32531M (14360M free)
TotalPageFile size 34579M (AvailPageFile size 11147M)
current process WorkingSet (physical memory assigned to process): 464M, peak: 489M
current process commit charge ("private bytes"): 539M, peak: 568M

vm_info: OpenJDK 64-Bit Server VM (21.0.11+10-LTS) for windows-amd64 JRE (21.0.11+10-LTS), built on 2026-04-21T00:00:00Z by "admin" with MS VC++ 17.12 (VS2022)

END.
